Archive member included because of file (symbol)

/usr/local/gcc-arm-none-eabi-4_8-2014q3/bin/../lib/gcc/arm-none-eabi/4.8.4/../../../../arm-none-eabi/lib/armv7-m/libc_s.a(lib_a-atoi.o)
                              obj/main/NAZE/io/ledstrip.o (symbol from plugin) (atoi)
/usr/local/gcc-arm-none-eabi-4_8-2014q3/bin/../lib/gcc/arm-none-eabi/4.8.4/../../../../arm-none-eabi/lib/armv7-m/libc_s.a(lib_a-ctype_.o)
                              obj/main/NAZE/flight/gps_conversion.o (symbol from plugin) (__ctype_ptr__)
/usr/local/gcc-arm-none-eabi-4_8-2014q3/bin/../lib/gcc/arm-none-eabi/4.8.4/../../../../arm-none-eabi/lib/armv7-m/libc_s.a(lib_a-strtok.o)
                              obj/main/NAZE/io/serial_cli.o (symbol from plugin) (strtok)
/usr/local/gcc-arm-none-eabi-4_8-2014q3/bin/../lib/gcc/arm-none-eabi/4.8.4/../../../../arm-none-eabi/lib/armv7-m/libc_s.a(lib_a-strtok_r.o)
                              /usr/local/gcc-arm-none-eabi-4_8-2014q3/bin/../lib/gcc/arm-none-eabi/4.8.4/../../../../arm-none-eabi/lib/armv7-m/libc_s.a(lib_a-strtok.o) (__strtok_r)
/usr/local/gcc-arm-none-eabi-4_8-2014q3/bin/../lib/gcc/arm-none-eabi/4.8.4/../../../../arm-none-eabi/lib/armv7-m/libc_s.a(lib_a-strtol.o)
                              /usr/local/gcc-arm-none-eabi-4_8-2014q3/bin/../lib/gcc/arm-none-eabi/4.8.4/../../../../arm-none-eabi/lib/armv7-m/libc_s.a(lib_a-atoi.o) (_strtol_r)
/usr/local/gcc-arm-none-eabi-4_8-2014q3/bin/../lib/gcc/arm-none-eabi/4.8.4/../../../../arm-none-eabi/lib/armv7-m/libc_s.a(lib_a-impure.o)
                              /usr/local/gcc-arm-none-eabi-4_8-2014q3/bin/../lib/gcc/arm-none-eabi/4.8.4/../../../../arm-none-eabi/lib/armv7-m/libc_s.a(lib_a-strtok.o) (_impure_ptr)
/usr/local/gcc-arm-none-eabi-4_8-2014q3/bin/../lib/gcc/arm-none-eabi/4.8.4/../../../../arm-none-eabi/lib/armv7-m/libc_s.a(lib_a-malloc.o)
                              /usr/local/gcc-arm-none-eabi-4_8-2014q3/bin/../lib/gcc/arm-none-eabi/4.8.4/../../../../arm-none-eabi/lib/armv7-m/libc_s.a(lib_a-strtok.o) (malloc)
/usr/local/gcc-arm-none-eabi-4_8-2014q3/bin/../lib/gcc/arm-none-eabi/4.8.4/../../../../arm-none-eabi/lib/armv7-m/libc_s.a(lib_a-nano-freer.o)
                              /usr/local/gcc-arm-none-eabi-4_8-2014q3/bin/../lib/gcc/arm-none-eabi/4.8.4/../../../../arm-none-eabi/lib/armv7-m/libc_s.a(lib_a-malloc.o) (_free_r)
/usr/local/gcc-arm-none-eabi-4_8-2014q3/bin/../lib/gcc/arm-none-eabi/4.8.4/../../../../arm-none-eabi/lib/armv7-m/libc_s.a(lib_a-nano-mallocr.o)
                              /usr/local/gcc-arm-none-eabi-4_8-2014q3/bin/../lib/gcc/arm-none-eabi/4.8.4/../../../../arm-none-eabi/lib/armv7-m/libc_s.a(lib_a-malloc.o) (_malloc_r)
/usr/local/gcc-arm-none-eabi-4_8-2014q3/bin/../lib/gcc/arm-none-eabi/4.8.4/../../../../arm-none-eabi/lib/armv7-m/libc_s.a(lib_a-sbrkr.o)
                              /usr/local/gcc-arm-none-eabi-4_8-2014q3/bin/../lib/gcc/arm-none-eabi/4.8.4/../../../../arm-none-eabi/lib/armv7-m/libc_s.a(lib_a-nano-mallocr.o) (_sbrk_r)
/usr/local/gcc-arm-none-eabi-4_8-2014q3/bin/../lib/gcc/arm-none-eabi/4.8.4/../../../../arm-none-eabi/lib/armv7-m/libc_s.a(lib_a-reent.o)
                              /usr/local/gcc-arm-none-eabi-4_8-2014q3/bin/../lib/gcc/arm-none-eabi/4.8.4/../../../../arm-none-eabi/lib/armv7-m/libc_s.a(lib_a-sbrkr.o) (errno)
/usr/local/gcc-arm-none-eabi-4_8-2014q3/bin/../lib/gcc/arm-none-eabi/4.8.4/../../../../arm-none-eabi/lib/armv7-m/libnosys.a(sbrk.o)
                              /usr/local/gcc-arm-none-eabi-4_8-2014q3/bin/../lib/gcc/arm-none-eabi/4.8.4/../../../../arm-none-eabi/lib/armv7-m/libc_s.a(lib_a-sbrkr.o) (_sbrk)
/usr/local/gcc-arm-none-eabi-4_8-2014q3/bin/../lib/gcc/arm-none-eabi/4.8.4/armv7-m/libgcc.a(_ashrdi3.o)
                              /var/folders/_l/6186p8zs3nl0ppg7gbs04ymw0000gn/T//ccI9IE9a.ltrans4.ltrans.o (__aeabi_lasr)
/usr/local/gcc-arm-none-eabi-4_8-2014q3/bin/../lib/gcc/arm-none-eabi/4.8.4/armv7-m/libgcc.a(_arm_addsubsf3.o)
                              /var/folders/_l/6186p8zs3nl0ppg7gbs04ymw0000gn/T//ccI9IE9a.ltrans0.ltrans.o (__aeabi_fsub)
/usr/local/gcc-arm-none-eabi-4_8-2014q3/bin/../lib/gcc/arm-none-eabi/4.8.4/armv7-m/libgcc.a(_arm_muldivsf3.o)
                              /var/folders/_l/6186p8zs3nl0ppg7gbs04ymw0000gn/T//ccI9IE9a.ltrans0.ltrans.o (__aeabi_fmul)
/usr/local/gcc-arm-none-eabi-4_8-2014q3/bin/../lib/gcc/arm-none-eabi/4.8.4/armv7-m/libgcc.a(_arm_cmpsf2.o)
                              /var/folders/_l/6186p8zs3nl0ppg7gbs04ymw0000gn/T//ccI9IE9a.ltrans0.ltrans.o (__aeabi_fcmpeq)
/usr/local/gcc-arm-none-eabi-4_8-2014q3/bin/../lib/gcc/arm-none-eabi/4.8.4/armv7-m/libgcc.a(_arm_fixsfsi.o)
                              /var/folders/_l/6186p8zs3nl0ppg7gbs04ymw0000gn/T//ccI9IE9a.ltrans0.ltrans.o (__aeabi_f2iz)
/usr/local/gcc-arm-none-eabi-4_8-2014q3/bin/../lib/gcc/arm-none-eabi/4.8.4/armv7-m/libgcc.a(_arm_fixunssfsi.o)
                              /var/folders/_l/6186p8zs3nl0ppg7gbs04ymw0000gn/T//ccI9IE9a.ltrans0.ltrans.o (__aeabi_f2uiz)
[...]
Memory Configuration

Name             Origin             Length             Attributes
FLASH            0x0000000008000000 0x000000000001f800 xr
RAM              0x0000000020000000 0x0000000000005000 xrw
MEMORY_B1        0x0000000060000000 0x0000000000000000 xr
*default*        0x0000000000000000 0xffffffffffffffff

Linker script and memory map

LOAD obj/main/NAZE/startup_stm32f10x_md_gcc.o
LOAD obj/main/NAZE/drivers/accgyro_mpu6050.o
LOAD /var/folders/_l/6186p8zs3nl0ppg7gbs04ymw0000gn/T//ccI9IE9a.ltrans0.ltrans.o
LOAD /var/folders/_l/6186p8zs3nl0ppg7gbs04ymw0000gn/T//ccI9IE9a.ltrans1.ltrans.o
LOAD /var/folders/_l/6186p8zs3nl0ppg7gbs04ymw0000gn/T//ccI9IE9a.ltrans2.ltrans.o
LOAD /var/folders/_l/6186p8zs3nl0ppg7gbs04ymw0000gn/T//ccI9IE9a.ltrans3.ltrans.o
LOAD /var/folders/_l/6186p8zs3nl0ppg7gbs04ymw0000gn/T//ccI9IE9a.ltrans4.ltrans.o
LOAD /var/folders/_l/6186p8zs3nl0ppg7gbs04ymw0000gn/T//ccI9IE9a.ltrans5.ltrans.o
LOAD /var/folders/_l/6186p8zs3nl0ppg7gbs04ymw0000gn/T//ccI9IE9a.ltrans6.ltrans.o
LOAD /var/folders/_l/6186p8zs3nl0ppg7gbs04ymw0000gn/T//ccI9IE9a.ltrans7.ltrans.o
LOAD /var/folders/_l/6186p8zs3nl0ppg7gbs04ymw0000gn/T//ccI9IE9a.ltrans8.ltrans.o
LOAD /var/folders/_l/6186p8zs3nl0ppg7gbs04ymw0000gn/T//ccI9IE9a.ltrans9.ltrans.o
LOAD /var/folders/_l/6186p8zs3nl0ppg7gbs04ymw0000gn/T//ccI9IE9a.ltrans10.ltrans.o
LOAD /var/folders/_l/6186p8zs3nl0ppg7gbs04ymw0000gn/T//ccI9IE9a.ltrans11.ltrans.o
LOAD /var/folders/_l/6186p8zs3nl0ppg7gbs04ymw0000gn/T//ccI9IE9a.ltrans12.ltrans.o
LOAD /var/folders/_l/6186p8zs3nl0ppg7gbs04ymw0000gn/T//ccI9IE9a.ltrans13.ltrans.o
LOAD /var/folders/_l/6186p8zs3nl0ppg7gbs04ymw0000gn/T//ccI9IE9a.ltrans14.ltrans.o
LOAD /var/folders/_l/6186p8zs3nl0ppg7gbs04ymw0000gn/T//ccI9IE9a.ltrans15.ltrans.o
LOAD /var/folders/_l/6186p8zs3nl0ppg7gbs04ymw0000gn/T//ccI9IE9a.ltrans16.ltrans.o
LOAD /var/folders/_l/6186p8zs3nl0ppg7gbs04ymw0000gn/T//ccI9IE9a.ltrans17.ltrans.o
LOAD /var/folders/_l/6186p8zs3nl0ppg7gbs04ymw0000gn/T//ccI9IE9a.ltrans18.ltrans.o
LOAD /var/folders/_l/6186p8zs3nl0ppg7gbs04ymw0000gn/T//ccI9IE9a.ltrans19.ltrans.o
LOAD /var/folders/_l/6186p8zs3nl0ppg7gbs04ymw0000gn/T//ccI9IE9a.ltrans20.ltrans.o
LOAD /var/folders/_l/6186p8zs3nl0ppg7gbs04ymw0000gn/T//ccI9IE9a.ltrans21.ltrans.o
LOAD /var/folders/_l/6186p8zs3nl0ppg7gbs04ymw0000gn/T//ccI9IE9a.ltrans22.ltrans.o
LOAD /var/folders/_l/6186p8zs3nl0ppg7gbs04ymw0000gn/T//ccI9IE9a.ltrans23.ltrans.o
LOAD /var/folders/_l/6186p8zs3nl0ppg7gbs04ymw0000gn/T//ccI9IE9a.ltrans24.ltrans.o
LOAD /var/folders/_l/6186p8zs3nl0ppg7gbs04ymw0000gn/T//ccI9IE9a.ltrans25.ltrans.o
LOAD /var/folders/_l/6186p8zs3nl0ppg7gbs04ymw0000gn/T//ccI9IE9a.ltrans26.ltrans.o
LOAD /var/folders/_l/6186p8zs3nl0ppg7gbs04ymw0000gn/T//ccI9IE9a.ltrans27.ltrans.o
LOAD /usr/local/gcc-arm-none-eabi-4_8-2014q3/bin/../lib/gcc/arm-none-eabi/4.8.4/armv7-m/libgcc.a
LOAD /usr/local/gcc-arm-none-eabi-4_8-2014q3/bin/../lib/gcc/arm-none-eabi/4.8.4/../../../../arm-none-eabi/lib/armv7-m/libg_s.a
LOAD /usr/local/gcc-arm-none-eabi-4_8-2014q3/bin/../lib/gcc/arm-none-eabi/4.8.4/../../../../arm-none-eabi/lib/armv7-m/libc_s.a
LOAD /usr/local/gcc-arm-none-eabi-4_8-2014q3/bin/../lib/gcc/arm-none-eabi/4.8.4/armv7-m/libgcc.a
LOAD /usr/local/gcc-arm-none-eabi-4_8-2014q3/bin/../lib/gcc/arm-none-eabi/4.8.4/../../../../arm-none-eabi/lib/armv7-m/libc_s.a
LOAD obj/main/NAZE/drivers/adc.o
LOAD obj/main/NAZE/drivers/adc_stm32f10x.o
LOAD obj/main/NAZE/drivers/barometer_ms5611.o
LOAD obj/main/NAZE/drivers/bus_spi.o
LOAD obj/main/NAZE/drivers/bus_i2c_stm32f10x.o
LOAD obj/main/NAZE/drivers/compass_hmc5883l.o
LOAD obj/main/NAZE/drivers/display_ug2864hsweg01.o
LOAD obj/main/NAZE/drivers/flash_m25p16.o
LOAD obj/main/NAZE/drivers/gpio_stm32f10x.o
LOAD obj/main/NAZE/drivers/inverter.o
LOAD obj/main/NAZE/drivers/light_led_stm32f10x.o
LOAD obj/main/NAZE/drivers/light_ws2811strip.o
LOAD obj/main/NAZE/drivers/light_ws2811strip_stm32f10x.o
LOAD obj/main/NAZE/drivers/sonar_hcsr04.o
LOAD obj/main/NAZE/drivers/pwm_mapping.o
LOAD obj/main/NAZE/drivers/pwm_output.o
LOAD obj/main/NAZE/drivers/pwm_rx.o
LOAD obj/main/NAZE/drivers/serial_softserial.o
LOAD obj/main/NAZE/drivers/serial_uart.o
LOAD obj/main/NAZE/drivers/serial_uart_stm32f10x.o
LOAD obj/main/NAZE/drivers/sound_beeper_stm32f10x.o
LOAD obj/main/NAZE/drivers/system_stm32f10x.o
LOAD obj/main/NAZE/drivers/timer.o
LOAD obj/main/NAZE/drivers/timer_stm32f10x.o
LOAD obj/main/NAZE/io/flashfs.o
LOAD obj/main/NAZE/hardware_revision.o
LOAD obj/main/NAZE/flight/autotune.o
LOAD obj/main/NAZE/flight/navigation.o
LOAD obj/main/NAZE/flight/gps_conversion.o
LOAD obj/main/NAZE/common/colorconversion.o
LOAD obj/main/NAZE/io/gps.o
LOAD obj/main/NAZE/io/ledstrip.o
LOAD obj/main/NAZE/io/display.o
LOAD obj/main/NAZE/telemetry/telemetry.o
LOAD obj/main/NAZE/telemetry/frsky.o
LOAD obj/main/NAZE/telemetry/hott.o
LOAD obj/main/NAZE/telemetry/msp.o
LOAD obj/main/NAZE/telemetry/smartport.o
LOAD obj/main/NAZE/sensors/sonar.o
LOAD obj/main/NAZE/sensors/barometer.o
LOAD obj/main/NAZE/blackbox/blackbox.o
LOAD obj/main/NAZE/blackbox/blackbox_io.o
LOAD obj/main/NAZE/build_config.o
LOAD obj/main/NAZE/debug.o
LOAD obj/main/NAZE/version.o
LOAD obj/main/NAZE/config/config.o
LOAD obj/main/NAZE/config/runtime_config.o
LOAD obj/main/NAZE/common/maths.o
LOAD obj/main/NAZE/common/printf.o
LOAD obj/main/NAZE/common/typeconversion.o
LOAD obj/main/NAZE/common/encoding.o
LOAD obj/main/NAZE/main.o
LOAD obj/main/NAZE/mw.o
LOAD obj/main/NAZE/flight/altitudehold.o
LOAD obj/main/NAZE/flight/failsafe.o
LOAD obj/main/NAZE/flight/pid.o
LOAD obj/main/NAZE/flight/imu.o
LOAD obj/main/NAZE/flight/mixer.o
LOAD obj/main/NAZE/flight/lowpass.o
LOAD obj/main/NAZE/flight/filter.o
LOAD obj/main/NAZE/drivers/bus_i2c_soft.o
LOAD obj/main/NAZE/drivers/serial.o
LOAD obj/main/NAZE/drivers/sound_beeper.o
LOAD obj/main/NAZE/drivers/system.o
LOAD obj/main/NAZE/io/beeper.o
LOAD obj/main/NAZE/io/rc_controls.o
LOAD obj/main/NAZE/io/rc_curves.o
LOAD obj/main/NAZE/io/serial.o
LOAD obj/main/NAZE/io/serial_cli.o
LOAD obj/main/NAZE/io/serial_msp.o
LOAD obj/main/NAZE/io/statusindicator.o
LOAD obj/main/NAZE/rx/rx.o
LOAD obj/main/NAZE/rx/pwm.o
LOAD obj/main/NAZE/rx/msp.o
LOAD obj/main/NAZE/rx/sbus.o
LOAD obj/main/NAZE/rx/sumd.o
LOAD obj/main/NAZE/rx/sumh.o
LOAD obj/main/NAZE/rx/spektrum.o
LOAD obj/main/NAZE/rx/xbus.o
LOAD obj/main/NAZE/sensors/acceleration.o
LOAD obj/main/NAZE/sensors/battery.o
LOAD obj/main/NAZE/sensors/boardalignment.o
LOAD obj/main/NAZE/sensors/compass.o
LOAD obj/main/NAZE/sensors/gyro.o
LOAD obj/main/NAZE/sensors/initialisation.o
LOAD obj/main/NAZE/core_cm3.o
LOAD obj/main/NAZE/system_stm32f10x.o
LOAD obj/main/NAZE/misc.o
LOAD obj/main/NAZE/stm32f10x_adc.o
LOAD obj/main/NAZE/stm32f10x_bkp.o
LOAD obj/main/NAZE/stm32f10x_dac.o
LOAD obj/main/NAZE/stm32f10x_dbgmcu.o
LOAD obj/main/NAZE/stm32f10x_dma.o
LOAD obj/main/NAZE/stm32f10x_exti.o
LOAD obj/main/NAZE/stm32f10x_flash.o
LOAD obj/main/NAZE/stm32f10x_fsmc.o
LOAD obj/main/NAZE/stm32f10x_gpio.o
LOAD obj/main/NAZE/stm32f10x_i2c.o
LOAD obj/main/NAZE/stm32f10x_iwdg.o
LOAD obj/main/NAZE/stm32f10x_pwr.o
LOAD obj/main/NAZE/stm32f10x_rcc.o
LOAD obj/main/NAZE/stm32f10x_rtc.o
LOAD obj/main/NAZE/stm32f10x_sdio.o
LOAD obj/main/NAZE/stm32f10x_spi.o
LOAD obj/main/NAZE/stm32f10x_tim.o
LOAD obj/main/NAZE/stm32f10x_usart.o
LOAD obj/main/NAZE/stm32f10x_wwdg.o
LOAD /usr/local/gcc-arm-none-eabi-4_8-2014q3/bin/../lib/gcc/arm-none-eabi/4.8.4/../../../../arm-none-eabi/lib/armv7-m/libm.a
LOAD /usr/local/gcc-arm-none-eabi-4_8-2014q3/bin/../lib/gcc/arm-none-eabi/4.8.4/../../../../arm-none-eabi/lib/armv7-m/libc_s.a
LOAD /usr/local/gcc-arm-none-eabi-4_8-2014q3/bin/../lib/gcc/arm-none-eabi/4.8.4/../../../../arm-none-eabi/lib/armv7-m/libnosys.a
START GROUP
LOAD /usr/local/gcc-arm-none-eabi-4_8-2014q3/bin/../lib/gcc/arm-none-eabi/4.8.4/armv7-m/libgcc.a
LOAD /usr/local/gcc-arm-none-eabi-4_8-2014q3/bin/../lib/gcc/arm-none-eabi/4.8.4/../../../../arm-none-eabi/lib/armv7-m/libg_s.a
LOAD /usr/local/gcc-arm-none-eabi-4_8-2014q3/bin/../lib/gcc/arm-none-eabi/4.8.4/../../../../arm-none-eabi/lib/armv7-m/libc_s.a
END GROUP
START GROUP
LOAD /usr/local/gcc-arm-none-eabi-4_8-2014q3/bin/../lib/gcc/arm-none-eabi/4.8.4/armv7-m/libgcc.a
LOAD /usr/local/gcc-arm-none-eabi-4_8-2014q3/bin/../lib/gcc/arm-none-eabi/4.8.4/../../../../arm-none-eabi/lib/armv7-m/libc_s.a
END GROUP
                0x0000000020005000                _estack = (ORIGIN (RAM) + 0x5000)
                0x0000000000000000                _Min_Heap_Size = 0x0
                0x0000000000000400                _Min_Stack_Size = 0x400

.isr_vector     0x0000000008000000      0x10c
                0x0000000008000000                . = ALIGN (0x4)
                0x0000000008000000                PROVIDE (isr_vector_table_base, .)
 *(.isr_vector)
 .isr_vector    0x0000000008000000      0x10c obj/main/NAZE/startup_stm32f10x_md_gcc.o
                0x0000000008000000                g_pfnVectors
                0x000000000800010c                . = ALIGN (0x4)

.text           0x0000000008000110    0x1c0c8
                0x0000000008000110                . = ALIGN (0x4)
 *(.text)
 .text          0x0000000008000110     0x24f8 /var/folders/_l/6186p8zs3nl0ppg7gbs04ymw0000gn/T//ccI9IE9a.ltrans0.ltrans.o
                0x0000000008000110                loop
 .text          0x0000000008002608     0x12e0 /var/folders/_l/6186p8zs3nl0ppg7gbs04ymw0000gn/T//ccI9IE9a.ltrans2.ltrans.o
                0x0000000008002608                processRx
 .text          0x00000000080038e8     0x1588 /var/folders/_l/6186p8zs3nl0ppg7gbs04ymw0000gn/T//ccI9IE9a.ltrans3.ltrans.o
                0x00000000080038e8                annexCode
 .text          0x0000000008004e70     0x151c /var/folders/_l/6186p8zs3nl0ppg7gbs04ymw0000gn/T//ccI9IE9a.ltrans4.ltrans.o
                0x0000000008004e70                putcp.11065
                0x0000000008004ed0                uartRead
                0x0000000008004f00                uartTotalBytesWaiting
                0x0000000008004f22                isUartTransmitBufferEmpty
                0x0000000008004f38                softSerialWriteByte
                0x0000000008004f56                softSerialTotalBytesWaiting
                0x0000000008004f72                softSerialReadByte
                0x0000000008004f9e                isSoftSerialTransmitBufferEmpty
                0x0000000008004faa                softSerialSetMode
                0x0000000008004fae                ppmEdgeCallback.5693
                0x0000000008005088                pwmOverflowCallback.5681
                0x00000000080050b0                ppmOverflowCallback.5689
                0x00000000080050c0                pwmWriteStandard.5413
                0x00000000080050d0                pwmWriteBrushed.5409
                0x00000000080050f4                ms5611_calculate.4292
                0x000000000800529c                serialWrite
                0x00000000080052a6                smartPortSendByte.8927
                0x00000000080052e0                sendDataHead.8324
                0x00000000080052fc                sendTelemetryTail.8327
                0x0000000008005338                serialize16.8334
                0x000000000800534e                sendLatLong.8357
                0x00000000080053c6                filterApplyPt1
                0x0000000008005434                lowpassFixed
                0x00000000080056b8                loadCustomServoMixer
                0x0000000008005704                determineServoMiddleOrForwardFromChannel
                0x0000000008005738                pidSetController
                0x0000000008005780                shouldAutotune
                0x00000000080057a4                pidResetErrorAngle
                0x00000000080057c0                fastA2F
                0x00000000080058ec                ui2a
                0x000000000800593c                uli2a
                0x000000000800598c                _i2a.11162
                0x00000000080059b4                putchw.11069
                0x0000000008005a08                applyDeadband
                0x0000000008005a26                sin_approx
                0x0000000008005b0c                cos_approx
                0x0000000008005b20                imuCalculateHeading
                0x0000000008005bf4                buildRotationMatrix
                0x0000000008005cdc                rotateV
                0x0000000008005d82                GPS_calc_longitude_scaling.7181
                0x0000000008005dbc                GPS_reset_home_position
                0x0000000008005e08                featureClear
                0x0000000008005e18                blackboxAdvanceIterationTimers.9358
                0x0000000008005e54                baroCalculateAltitude
                0x0000000008005eec                telemetryDetermineEnabledState
                0x0000000008005f20                padHalfLineBuffer
                0x0000000008005f48                padLineBuffer
                0x0000000008005f6c                reevalulateLedConfig
                0x000000000800601c                GPS_distance_cm_bearing.isra.3.7205
                0x00000000080060a0                gpsUsePIDs
                0x0000000008006140                wrap_18000.7173
                0x0000000008006164                flashfsGetDirtyDataBuffers.6843
                0x000000000800619c                flashfsGetOffset
                0x00000000080061bc                flashfsClearBuffer.6835
                0x00000000080061d0                timCCxHandler.6550
                0x0000000008006256                lookupTimerIndex.6540
                0x0000000008006290                applyChangedBits
                0x00000000080062ba                setTxSignal
                0x00000000080062da                pwmWriteServo
                0x00000000080062f0                gpioExtiLineConfig
                0x000000000800631a                gpioInit
 .text          0x000000000800638c      0xe64 /var/folders/_l/6186p8zs3nl0ppg7gbs04ymw0000gn/T//ccI9IE9a.ltrans5.ltrans.o
                0x000000000800638c                processOutCommand.15210
 .text          0x00000000080071f0      0xa70 /var/folders/_l/6186p8zs3nl0ppg7gbs04ymw0000gn/T//ccI9IE9a.ltrans6.ltrans.o
                0x00000000080071f0                telemetryProcess.constprop.69
 .text          0x0000000008007c60      0x9d4 /var/folders/_l/6186p8zs3nl0ppg7gbs04ymw0000gn/T//ccI9IE9a.ltrans7.ltrans.o
                0x0000000008007c60                i2cInit
                0x0000000008007e60                i2cWrite
                0x0000000008007ee0                i2c_OLED_send_byte.4710
                0x0000000008007ee8                i2c_OLED_send_cmd.4714
                0x0000000008007ef0                i2c_OLED_set_line
                0x0000000008007f08                i2c_OLED_set_xy
                0x0000000008007f32                ms5611_start_up.4305
                0x0000000008007f3a                ms5611_start_ut.4307
                0x0000000008007f42                i2cRead
                0x0000000008007fbc                hmc5883lRead
                0x000000000800805c                ms5611_get_ut.4300
                0x000000000800806c                ms5611_get_up.4298
                0x000000000800807c                mpu6050AccRead.4032
                0x00000000080080be                mpu6050GyroRead.4038
                0x0000000008008100                mpu6050Detect.4041
                0x000000000800812a                i2c_er_handler.4477
                0x00000000080081b4                cliReboot.14469
                0x00000000080081e4                cliExit.14512
                0x000000000800821c                failureMode
                0x00000000080082dc                hmc5883lInit
                0x000000000800859c                mpu6050GyroInit.4067
                0x0000000008008608                mpu6050AccInit.4056
 .text          0x0000000008008634      0x944 /var/folders/_l/6186p8zs3nl0ppg7gbs04ymw0000gn/T//ccI9IE9a.ltrans8.ltrans.o
                0x0000000008008634                MAG_DATA_READY_EXTI_Handler
                0x0000000008008720                cliGet.14500
                0x0000000008008780                cliSet.14553
                0x0000000008008918                ws2811UpdateStrip
                0x0000000008008ac4                dumpValues.14463
                0x0000000008008b04                i2c_ev_handler.4466
                0x0000000008008db0                uartReconfigure.6138
                0x0000000008008ec8                uartSetMode
                0x0000000008008ecc                uartSetBaudRate
                0x0000000008008ed0                timerChConfigCallbacks
 .text          0x0000000008008f78      0xa54 /var/folders/_l/6186p8zs3nl0ppg7gbs04ymw0000gn/T//ccI9IE9a.ltrans9.ltrans.o
                0x0000000008008f78                uartWrite
                0x0000000008008fa6                configTimeBase
                0x000000000800904c                pwmOutConfig.5480
                0x00000000080092e4                isBlackboxDeviceFull
                0x0000000008009310                serialICConfig.5947
                0x0000000008009336                onSerialTimer
                0x0000000008009448                onSerialRxPinChange
                0x00000000080094e4                isEEPROMContentValid.10774
                0x0000000008009528                writeEEPROM
                0x0000000008009670                cliSave.14471
                0x0000000008009688                flashfsAdvanceTailInBuffer.6847
                0x00000000080096b0                loadMainState.9352
                0x00000000080097c4                spiTransferByte.constprop.128
                0x0000000008009810                i2c_OLED_send_char
                0x0000000008009844                drawHorizonalPercentageBar
                0x0000000008009896                drawRxChannel.constprop.95
                0x00000000080098dc                i2c_OLED_send_string
                0x00000000080098ee                ug2864hsweg01InitI2C.part.0.4719
 .text          0x00000000080099cc      0xd48 /var/folders/_l/6186p8zs3nl0ppg7gbs04ymw0000gn/T//ccI9IE9a.ltrans10.ltrans.o
                0x00000000080099cc                cliVersion.14412
                0x0000000008009a00                cliFlashInfo.14503
                0x0000000008009a38                cliServo.14439
                0x0000000008009b80                cliHelp.14428
                0x0000000008009bc4                cliServoMix.14436
                0x0000000008009ee0                cliMap.14494
                0x0000000008009f7c                NVIC_Init.part.0.17128.constprop.167
                0x0000000008009fbc                EXTI_Init.part.0.17722.constprop.161
                0x000000000800a010                GPS_coord_to_degrees.constprop.100
                0x000000000800a0c4                grab_fields.7427.constprop.99
                0x000000000800a104                blackboxPrintf
                0x000000000800a128                tfp_sprintf
                0x000000000800a154                cliShowArgumentRangeError.14415
                0x000000000800a170                cliLed.14547
                0x000000000800a398                cliColor.14558
                0x000000000800a478                cliMotorMix.14491
                0x000000000800a678                cliMotor.14488
 .text          0x000000000800a714      0xc80 /var/folders/_l/6186p8zs3nl0ppg7gbs04ymw0000gn/T//ccI9IE9a.ltrans11.ltrans.o
                0x000000000800a714                pidLuxFloat.12678
                0x000000000800aad4                readEEPROM
                0x000000000800ae5c                blackboxLogIteration.9378
 .text          0x000000000800b394      0xa50 /var/folders/_l/6186p8zs3nl0ppg7gbs04ymw0000gn/T//ccI9IE9a.ltrans12.ltrans.o
                0x000000000800b394                cliPlaySound.14485
                0x000000000800b430                cliStatus.14423
                0x000000000800b56e                cliRxFail.14474
                0x000000000800b68c                cliAdjustmentRange.14532
                0x000000000800b7bc                cliAux.14526
                0x000000000800b89c                spiTransfer.constprop.127
                0x000000000800b904                m25p16_isReady
                0x000000000800b94c                m25p16_waitForReady
                0x000000000800b96c                m25p16_readBytes
                0x000000000800b9b8                isRxDataDriven.15550
                0x000000000800b9d0                getRxfailValue.15564
                0x000000000800ba24                calculateThrottleStatus
                0x000000000800ba60                mixerResetDisarmedMotors
                0x000000000800ba98                writeMotors
                0x000000000800bb38                stopMotors
                0x000000000800bb84                updateBatteryVoltage.16537
                0x000000000800bbc0                applyDirectionalModeColor
                0x000000000800bc94                gpsSetState.7437
                0x000000000800bcb0                failsafeActivate.12454
                0x000000000800bcec                resumeRxSignal
                0x000000000800bd1c                calculateBatteryCapacityRemainingPercentage
                0x000000000800bd68                isRangeActive.part.2.13605
                0x000000000800bdb0                uartStartTxDMA
 .text          0x000000000800bde4      0xccc /var/folders/_l/6186p8zs3nl0ppg7gbs04ymw0000gn/T//ccI9IE9a.ltrans13.ltrans.o
                0x000000000800be80                xBusReadRawRC.16310
                0x000000000800be98                spektrumReadRawRC.16167
                0x000000000800bec0                sumhReadRawRC.16053
                0x000000000800bed4                sumdReadRawRC.15947
                0x000000000800bee4                sbusReadRawRC.15817
                0x000000000800bf10                rxMspReadRawRC.15755
                0x000000000800bf1c                pwmReadRawRC.15732
                0x000000000800bf28                ppmReadRawRC.15720
                0x000000000800bf34                nullReadRawRC.15530
                0x000000000800bf38                beepInverted.13290
                0x000000000800bf4c                beepNormal.13286
                0x000000000800bf60                _putc.11077
                0x000000000800bf6c                FLASH_GetBank1Status
                0x000000000800bf94                DMA_Init
                0x000000000800bfd0                DMA_DeInit
                0x000000000800c0c0                alignSensors
                0x000000000800c208                batteryAdcToVoltage
                0x000000000800c234                serialize8.15176
                0x000000000800c258                headSerialResponse.15188
                0x000000000800c294                headSerialReply.15192
                0x000000000800c29a                serialize16.15182
                0x000000000800c2ac                serialize32.15185
                0x000000000800c2be                read8.15151
                0x000000000800c2d4                read16.15153
                0x000000000800c2e8                read32.15155
                0x000000000800c2fa                cliWrite.14433
                0x000000000800c308                cliPrint.14420
                0x000000000800c324                cliShowParseError.14426
                0x000000000800c32c                closeSerialPort
                0x000000000800c350                mspReleasePortIfAllocated
                0x000000000800c390                serialFindPortConfiguration
                0x000000000800c3b8                determinePortSharing
                0x000000000800c3cc                findNextSerialPortConfig
                0x000000000800c40c                findSerialPortConfig
                0x000000000800c41c                generateThrottleCurve
                0x000000000800c4a4                generatePitchRollCurve
                0x000000000800c4d8                activateControlRateConfig
                0x000000000800c51c                isModeActivationConditionPresent
                0x000000000800c53e                micros
                0x000000000800c574                ECHO_EXTI_IRQHandler.5209
                0x000000000800c5c0                xBusDataReceive.16303
                0x000000000800c68c                spektrumDataReceive.16161
                0x000000000800c6d8                sumhDataReceive.16050
                0x000000000800c724                sumdDataReceive.15941
                0x000000000800c7d4                sbusDataReceive.15814
                0x000000000800c824                warningLedRefresh
                0x000000000800c86c                delayMicroseconds
                0x000000000800c882                delay
                0x000000000800c896                handleOneshotFeatureChangeOnRestart
                0x000000000800c8e8                systemBeep
                0x000000000800c8f8                beeperSilence
                0x000000000800c930                beeper
                0x000000000800c974                beeperConfirmationBeeps
                0x000000000800c9a4                enableFlightMode
                0x000000000800c9c4                disableFlightMode
                0x000000000800c9e4                serialSetMode
                0x000000000800c9ee                isSerialTransmitBufferEmpty
                0x000000000800c9f8                waitForSerialPortToFinishTransmitting
                0x000000000800ca0e                serialSetBaudRate
                0x000000000800ca18                serialRead
                0x000000000800ca22                serialTotalBytesWaiting
                0x000000000800ca2c                flushHottRxBuffer.8674
                0x000000000800ca48                smartPortSendPackage.8931
 .text          0x000000000800cab0      0x59c /var/folders/_l/6186p8zs3nl0ppg7gbs04ymw0000gn/T//ccI9IE9a.ltrans14.ltrans.o
                0x000000000800cab0                cliDefaults.14515
                0x000000000800cacc                updateLedStrip.part.2.7884
 .text          0x000000000800d04c      0xfd4 /var/folders/_l/6186p8zs3nl0ppg7gbs04ymw0000gn/T//ccI9IE9a.ltrans15.ltrans.o
                0x000000000800d070                autotune.constprop.104
                0x000000000800d3f8                pidMultiWiiHybrid.12664
                0x000000000800d774                pidHarakiri.12657
                0x000000000800dcec                pidMultiWii.12589
                0x000000000800dfd0                blackboxLogInflightAdjustmentEvent
                0x000000000800dff8                blackboxLogInflightAdjustmentEventFloat
 .text          0x000000000800e020      0xcdc /var/folders/_l/6186p8zs3nl0ppg7gbs04ymw0000gn/T//ccI9IE9a.ltrans16.ltrans.o
                0x000000000800e020                cliRxRange.14482
                0x000000000800e100                pidMultiWii23.12671
                0x000000000800e428                gpsNewData.part.2.7447
                0x000000000800eb74                flashfsEraseCompletely
                0x000000000800ebb8                cliFlashErase.14506
                0x000000000800ebe4                sendFieldDefinition.9331
 .text          0x000000000800ecfc      0xa00 /var/folders/_l/6186p8zs3nl0ppg7gbs04ymw0000gn/T//ccI9IE9a.ltrans17.ltrans.o
                0x000000000800ecfc                MPU_DATA_READY_EXTI_Handler
                0x000000000800ed1c                cliRateProfile.14537
                0x000000000800ed68                updateDisplay
                0x000000000800f4bc                GPS_set_next_wp
                0x000000000800f548                timerConfigure
                0x000000000800f59c                openSoftSerial
 .text          0x000000000800f6fc      0x890 /var/folders/_l/6186p8zs3nl0ppg7gbs04ymw0000gn/T//ccI9IE9a.ltrans18.ltrans.o
                0x000000000800fa3a                cliProfile.14542
                0x000000000800fa78                cliDump.14561
                0x000000000800fdcc                openSerialPort
                0x000000000800fe60                saveConfigAndNotify
                0x000000000800fe74                performInflightAccelerationCalibration
 .text          0x000000000800ff8c      0x890 /var/folders/_l/6186p8zs3nl0ppg7gbs04ymw0000gn/T//ccI9IE9a.ltrans19.ltrans.o
                0x000000000800ff8c                tfp_format
                0x0000000008010114                tfp_printf
                0x0000000008010154                cliMixer.14520
                0x00000000080101f0                itoa.constprop.94
                0x000000000801020e                ftoa
                0x00000000080102dc                resetSerialConfig.constprop.57
                0x0000000008010330                suspendRxSignal
                0x0000000008010360                parseRcChannels.constprop.46
                0x0000000008010398                headSerialError.15195.constprop.12
                0x00000000080103a0                findNextSharedSerialPort.constprop.5
                0x0000000008010400                TIM_ICInit
                0x0000000008010624                pwmICConfig
                0x0000000008010660                pwmEdgeCallback.5685
                0x00000000080106b8                RCC_GetClocksFreq
                0x000000000801074c                RCC_APB1PeriphResetCmd.part.6.18486
                0x000000000801075c                GPIO_Init
                0x00000000080107f8                FLASH_WaitForLastOperation
 .text          0x000000000801081c      0x6d0 /var/folders/_l/6186p8zs3nl0ppg7gbs04ymw0000gn/T//ccI9IE9a.ltrans20.ltrans.o
                0x0000000008010990                blackboxPrint
                0x0000000008010a68                flashfsFlushSync
                0x0000000008010a98                blackboxDeviceFlush
                0x0000000008010abc                blackboxWrite
                0x0000000008010b10                blackboxWriteTag2_3S32
                0x0000000008010c5a                blackboxWriteUnsignedVB
                0x0000000008010c78                blackboxWriteSignedVB
                0x0000000008010c80                blackboxLogEvent
                0x0000000008010d6c                autotuneLogCycleStart.7024
                0x0000000008010de4                writeGPSFrame.9329
                0x0000000008010e70                blackboxWriteSigned16VBArray.constprop.65
                0x0000000008010e8e                blackboxWriteSignedVBArray.constprop.64
                0x0000000008010ea6                blackboxWriteMainStateArrayUsingAveragePredictor.9323
                0x0000000008010ee8                _putc.10227
 .text          0x0000000008010eec      0x67c /var/folders/_l/6186p8zs3nl0ppg7gbs04ymw0000gn/T//ccI9IE9a.ltrans21.ltrans.o
                0x0000000008010eec                mspAllocateSerialPorts.constprop.62
                0x0000000008010f68                blackboxDeviceClose
                0x0000000008010f94                mwDisarm
                0x0000000008011000                mwArm
                0x000000000801135c                telemetryCheckState
 .text          0x0000000008011568      0x650 /var/folders/_l/6186p8zs3nl0ppg7gbs04ymw0000gn/T//ccI9IE9a.ltrans22.ltrans.o
                0x0000000008011568                cliSerial.14466
                0x00000000080116ac                resetConf.10841
                0x0000000008011b50                usartIrqCallback
 .text          0x0000000008011bb8      0x5e0 /var/folders/_l/6186p8zs3nl0ppg7gbs04ymw0000gn/T//ccI9IE9a.ltrans23.ltrans.o
                0x0000000008011bb8                gpsNewFrame
 .text          0x0000000008012198      0x540 /var/folders/_l/6186p8zs3nl0ppg7gbs04ymw0000gn/T//ccI9IE9a.ltrans24.ltrans.o
                0x0000000008012198                cliFeature.14509
                0x000000000801228c                pidRewrite.12685
                0x0000000008012548                cliGpsPassthrough.14497
                0x0000000008012608                writeSlowFrameIfNeeded.9349
 .text          0x00000000080126d8       0xac /var/folders/_l/6186p8zs3nl0ppg7gbs04ymw0000gn/T//ccI9IE9a.ltrans25.ltrans.o
                0x00000000080126d8                initSpi2
 .text          0x0000000008012784       0xfc /var/folders/_l/6186p8zs3nl0ppg7gbs04ymw0000gn/T//ccI9IE9a.ltrans26.ltrans.o
                0x0000000008012784                TIM4_IRQHandler
                0x0000000008012794                TIM3_IRQHandler
                0x00000000080127a4                TIM2_IRQHandler
                0x00000000080127b4                TIM1_UP_IRQHandler
                0x00000000080127c4                TIM1_CC_IRQHandler
                0x00000000080127d4                USART3_IRQHandler
                0x00000000080127e0                USART2_IRQHandler
                0x00000000080127ec                USART1_IRQHandler
                0x00000000080127f8                DMA1_Channel4_IRQHandler
                0x0000000008012834                EXTI9_5_IRQHandler
                0x0000000008012838                EXTI1_IRQHandler
                0x000000000801283c                EXTI0_IRQHandler
                0x0000000008012840                DMA1_Channel6_IRQHandler
                0x0000000008012870                I2C2_ER_IRQHandler
                0x0000000008012874                I2C1_ER_IRQHandler
                0x0000000008012878                I2C2_EV_IRQHandler
                0x000000000801287c                I2C1_EV_IRQHandler
 .text          0x0000000008012880       0x90 /var/folders/_l/6186p8zs3nl0ppg7gbs04ymw0000gn/T//ccI9IE9a.ltrans27.ltrans.o
                0x0000000008012880                SystemInit
                0x00000000080128cc                SysTick_Handler
                0x00000000080128dc                EXTI15_10_IRQHandler
                0x00000000080128f4                HardFault_Handler
 .text          0x0000000008012910       0x1c /usr/local/gcc-arm-none-eabi-4_8-2014q3/bin/../lib/gcc/arm-none-eabi/4.8.4/armv7-m/libgcc.a(_ashrdi3.o)
                0x0000000008012910                __ashrdi3
                0x0000000008012910                __aeabi_lasr
 .text          0x000000000801292c      0x21c /usr/local/gcc-arm-none-eabi-4_8-2014q3/bin/../lib/gcc/arm-none-eabi/4.8.4/armv7-m/libgcc.a(_arm_addsubsf3.o)
                0x000000000801292c                __aeabi_frsub
                0x0000000008012934                __aeabi_fsub
                0x0000000008012934                __subsf3
                0x0000000008012938                __aeabi_fadd
                0x0000000008012938                __addsf3
                0x0000000008012a98                __aeabi_ui2f
                0x0000000008012a98                __floatunsisf
                0x0000000008012aa0                __floatsisf
                0x0000000008012aa0                __aeabi_i2f
                0x0000000008012abc                __aeabi_ul2f
                0x0000000008012abc                __floatundisf
                0x0000000008012acc                __aeabi_l2f
                0x0000000008012acc                __floatdisf
 .text          0x0000000008012b48      0x2a0 /usr/local/gcc-arm-none-eabi-4_8-2014q3/bin/../lib/gcc/arm-none-eabi/4.8.4/armv7-m/libgcc.a(_arm_muldivsf3.o)
                0x0000000008012b48                __mulsf3
                0x0000000008012b48                __aeabi_fmul
                0x0000000008012cb0                __divsf3
                0x0000000008012cb0                __aeabi_fdiv
 .text          0x0000000008012de8       0xec /usr/local/gcc-arm-none-eabi-4_8-2014q3/bin/../lib/gcc/arm-none-eabi/4.8.4/armv7-m/libgcc.a(_arm_cmpsf2.o)
                0x0000000008012de8                __gesf2
                0x0000000008012de8                __gtsf2
                0x0000000008012df0                __ltsf2
                0x0000000008012df0                __lesf2
                0x0000000008012df8                __nesf2
                0x0000000008012df8                __eqsf2
                0x0000000008012df8                __cmpsf2
                0x0000000008012e58                __aeabi_cfrcmple
                0x0000000008012e60                __aeabi_cfcmpeq
                0x0000000008012e60                __aeabi_cfcmple
                0x0000000008012e70                __aeabi_fcmpeq
                0x0000000008012e84                __aeabi_fcmplt
                0x0000000008012e98                __aeabi_fcmple
                0x0000000008012eac                __aeabi_fcmpge
                0x0000000008012ec0                __aeabi_fcmpgt
 .text          0x0000000008012ed4       0x4c /usr/local/gcc-arm-none-eabi-4_8-2014q3/bin/../lib/gcc/arm-none-eabi/4.8.4/armv7-m/libgcc.a(_arm_fixsfsi.o)
                0x0000000008012ed4                __fixsfsi
                0x0000000008012ed4                __aeabi_f2iz
 .text          0x0000000008012f20       0x40 /usr/local/gcc-arm-none-eabi-4_8-2014q3/bin/../lib/gcc/arm-none-eabi/4.8.4/armv7-m/libgcc.a(_arm_fixunssfsi.o)
                0x0000000008012f20                __aeabi_f2uiz
                0x0000000008012f20                __fixunssfsi
 .text          0x0000000008012f60       0x38 /usr/local/gcc-arm-none-eabi-4_8-2014q3/bin/../lib/gcc/arm-none-eabi/4.8.4/armv7-m/libgcc.a(_aeabi_ldivmod.o)
                0x0000000008012f60                __aeabi_ldivmod
 .text          0x0000000008012f98       0x28 /usr/local/gcc-arm-none-eabi-4_8-2014q3/bin/../lib/gcc/arm-none-eabi/4.8.4/armv7-m/libgcc.a(_fixsfdi.o)
                0x0000000008012f98                __aeabi_f2lz
                0x0000000008012f98                __fixsfdi
 .text          0x0000000008012fc0       0x48 /usr/local/gcc-arm-none-eabi-4_8-2014q3/bin/../lib/gcc/arm-none-eabi/4.8.4/armv7-m/libgcc.a(_fixunssfdi.o)
                0x0000000008012fc0                __aeabi_f2ulz
                0x0000000008012fc0                __fixunssfdi
 .text          0x0000000008013008       0x60 /usr/local/gcc-arm-none-eabi-4_8-2014q3/bin/../lib/gcc/arm-none-eabi/4.8.4/armv7-m/libgcc.a(bpabi.o)
                0x0000000008013008                __gnu_ldivmod_helper
                0x0000000008013038                __gnu_uldivmod_helper
 .text          0x0000000008013068        0x4 /usr/local/gcc-arm-none-eabi-4_8-2014q3/bin/../lib/gcc/arm-none-eabi/4.8.4/armv7-m/libgcc.a(_dvmd_tls.o)
                0x0000000008013068                __aeabi_ldiv0
                0x0000000008013068                __aeabi_idiv0
 .text          0x000000000801306c      0x370 /usr/local/gcc-arm-none-eabi-4_8-2014q3/bin/../lib/gcc/arm-none-eabi/4.8.4/armv7-m/libgcc.a(_arm_addsubdf3.o)
                0x000000000801306c                __aeabi_drsub
                0x0000000008013074                __subdf3
                0x0000000008013074                __aeabi_dsub
                0x0000000008013078                __aeabi_dadd
                0x0000000008013078                __adddf3
                0x00000000080132f0                __aeabi_ui2d
                0x00000000080132f0                __floatunsidf
                0x0000000008013310                __floatsidf
                0x0000000008013310                __aeabi_i2d
                0x0000000008013334                __extendsfdf2
                0x0000000008013334                __aeabi_f2d
                0x0000000008013370                __aeabi_ul2d
                0x0000000008013370                __floatundidf
                0x0000000008013380                __aeabi_l2d
                0x0000000008013380                __floatdidf
 .text          0x00000000080133dc      0x424 /usr/local/gcc-arm-none-eabi-4_8-2014q3/bin/../lib/gcc/arm-none-eabi/4.8.4/armv7-m/libgcc.a(_arm_muldivdf3.o)
                0x00000000080133dc                __aeabi_dmul
                0x00000000080133dc                __muldf3
                0x0000000008013630                __aeabi_ddiv
                0x0000000008013630                __divdf3
 .text          0x0000000008013800       0x40 /usr/local/gcc-arm-none-eabi-4_8-2014q3/bin/../lib/gcc/arm-none-eabi/4.8.4/armv7-m/libgcc.a(_arm_fixunsdfsi.o)
                0x0000000008013800                __fixunsdfsi
                0x0000000008013800                __aeabi_d2uiz
 .text          0x0000000008013840      0x2a0 /usr/local/gcc-arm-none-eabi-4_8-2014q3/bin/../lib/gcc/arm-none-eabi/4.8.4/armv7-m/libgcc.a(_divdi3.o)
                0x0000000008013840                __divdi3
 .text          0x0000000008013ae0      0x290 /usr/local/gcc-arm-none-eabi-4_8-2014q3/bin/../lib/gcc/arm-none-eabi/4.8.4/armv7-m/libgcc.a(_udivdi3.o)
                0x0000000008013ae0                __udivdi3
 .text          0x0000000008013d70      0x110 /usr/local/gcc-arm-none-eabi-4_8-2014q3/bin/../lib/gcc/arm-none-eabi/4.8.4/armv7-m/libgcc.a(_arm_cmpdf2.o)
                0x0000000008013d70                __gtdf2
                0x0000000008013d70                __gedf2
                0x0000000008013d78                __ltdf2
                0x0000000008013d78                __ledf2
                0x0000000008013d80                __eqdf2
                0x0000000008013d80                __nedf2
                0x0000000008013d80                __cmpdf2
                0x0000000008013dfc                __aeabi_cdrcmple
                0x0000000008013e0c                __aeabi_cdcmple
                0x0000000008013e0c                __aeabi_cdcmpeq
                0x0000000008013e1c                __aeabi_dcmpeq
                0x0000000008013e30                __aeabi_dcmplt
                0x0000000008013e44                __aeabi_dcmple
                0x0000000008013e58                __aeabi_dcmpge
                0x0000000008013e6c                __aeabi_dcmpgt
 .text          0x0000000008013e80       0xa0 /usr/local/gcc-arm-none-eabi-4_8-2014q3/bin/../lib/gcc/arm-none-eabi/4.8.4/armv7-m/libgcc.a(_arm_truncdfsf2.o)
                0x0000000008013e80                __aeabi_d2f
                0x0000000008013e80                __truncdfsf2
 *(.text*)
 .text.Reset_Handler
                0x0000000008013f20       0xac obj/main/NAZE/startup_stm32f10x_md_gcc.o
                0x0000000008013f20                Reset_Handler
 .text.Default_Handler
                0x0000000008013fcc        0x4 obj/main/NAZE/startup_stm32f10x_md_gcc.o
                0x0000000008013fcc                USBWakeUp_IRQHandler
                0x0000000008013fcc                DebugMon_Handler
                0x0000000008013fcc                PVD_IRQHandler
                0x0000000008013fcc                PendSV_Handler
                0x0000000008013fcc                NMI_Handler
                0x0000000008013fcc                EXTI3_IRQHandler
                0x0000000008013fcc                UsageFault_Handler
                0x0000000008013fcc                ADC1_2_IRQHandler
                0x0000000008013fcc                SPI1_IRQHandler
                0x0000000008013fcc                TAMPER_IRQHandler
                0x0000000008013fcc                RTC_IRQHandler
                0x0000000008013fcc                DMA1_Channel7_IRQHandler
                0x0000000008013fcc                CAN1_RX1_IRQHandler
                0x0000000008013fcc                RCC_IRQHandler
                0x0000000008013fcc                TIM1_TRG_COM_IRQHandler
                0x0000000008013fcc                DMA1_Channel1_IRQHandler
                0x0000000008013fcc                Default_Handler
                0x0000000008013fcc                SPI2_IRQHandler
                0x0000000008013fcc                MemManage_Handler
                0x0000000008013fcc                SVC_Handler
                0x0000000008013fcc                DMA1_Channel5_IRQHandler
                0x0000000008013fcc                EXTI4_IRQHandler
                0x0000000008013fcc                USB_LP_CAN1_RX0_IRQHandler
                0x0000000008013fcc                USB_HP_CAN1_TX_IRQHandler
                0x0000000008013fcc                DMA1_Channel3_IRQHandler
                0x0000000008013fcc                WWDG_IRQHandler
                0x0000000008013fcc                TIM1_BRK_IRQHandler
                0x0000000008013fcc                RTCAlarm_IRQHandler
                0x0000000008013fcc                DMA1_Channel2_IRQHandler
                0x0000000008013fcc                CAN1_SCE_IRQHandler
                0x0000000008013fcc                FLASH_IRQHandler
                0x0000000008013fcc                BusFault_Handler
                0x0000000008013fcc                EXTI2_IRQHandler
 .text.startup  0x0000000008013fd0     0x1d8c /var/folders/_l/6186p8zs3nl0ppg7gbs04ymw0000gn/T//ccI9IE9a.ltrans1.ltrans.o
                0x0000000008013fd0                main
 .text.memcmp   0x0000000008015d5c       0x1e /usr/local/gcc-arm-none-eabi-4_8-2014q3/bin/../lib/gcc/arm-none-eabi/4.8.4/../../../../arm-none-eabi/lib/armv7-m/libg_s.a(lib_a-memcmp.o)
                0x0000000008015d5c                memcmp
 .text.memcpy   0x0000000008015d7a       0x12 /usr/local/gcc-arm-none-eabi-4_8-2014q3/bin/../lib/gcc/arm-none-eabi/4.8.4/../../../../arm-none-eabi/lib/armv7-m/libg_s.a(lib_a-memcpy-stub.o)
                0x0000000008015d7a                memcpy
 .text.memset   0x0000000008015d8c       0x10 /usr/local/gcc-arm-none-eabi-4_8-2014q3/bin/../lib/gcc/arm-none-eabi/4.8.4/../../../../arm-none-eabi/lib/armv7-m/libg_s.a(lib_a-memset.o)
                0x0000000008015d8c                memset
 .text.strcasecmp
                0x0000000008015d9c       0x3c /usr/local/gcc-arm-none-eabi-4_8-2014q3/bin/../lib/gcc/arm-none-eabi/4.8.4/../../../../arm-none-eabi/lib/armv7-m/libg_s.a(lib_a-strcasecmp.o)
                0x0000000008015d9c                strcasecmp
 .text.strcat   0x0000000008015dd8       0x1a /usr/local/gcc-arm-none-eabi-4_8-2014q3/bin/../lib/gcc/arm-none-eabi/4.8.4/../../../../arm-none-eabi/lib/armv7-m/libg_s.a(lib_a-strcat.o)
                0x0000000008015dd8                strcat
 .text.strchr   0x0000000008015df2       0x1a /usr/local/gcc-arm-none-eabi-4_8-2014q3/bin/../lib/gcc/arm-none-eabi/4.8.4/../../../../arm-none-eabi/lib/armv7-m/libg_s.a(lib_a-strchr.o)
                0x0000000008015df2                strchr
 .text.strlen   0x0000000008015e0c       0x10 /usr/local/gcc-arm-none-eabi-4_8-2014q3/bin/../lib/gcc/arm-none-eabi/4.8.4/../../../../arm-none-eabi/lib/armv7-m/libg_s.a(lib_a-strlen.o)
                0x0000000008015e0c                strlen
 .text.strncasecmp
                0x0000000008015e1c       0x44 /usr/local/gcc-arm-none-eabi-4_8-2014q3/bin/../lib/gcc/arm-none-eabi/4.8.4/../../../../arm-none-eabi/lib/armv7-m/libg_s.a(lib_a-strncasecmp.o)
                0x0000000008015e1c                strncasecmp
 .text.strncpy  0x0000000008015e60       0x24 /usr/local/gcc-arm-none-eabi-4_8-2014q3/bin/../lib/gcc/arm-none-eabi/4.8.4/../../../../arm-none-eabi/lib/armv7-m/libg_s.a(lib_a-strncpy.o)
                0x0000000008015e60                strncpy
 .text.strstr   0x0000000008015e84       0x32 /usr/local/gcc-arm-none-eabi-4_8-2014q3/bin/../lib/gcc/arm-none-eabi/4.8.4/../../../../arm-none-eabi/lib/armv7-m/libg_s.a(lib_a-strstr.o)
                0x0000000008015e84                strstr
 .text.atoi     0x0000000008015eb6        0x8 /usr/local/gcc-arm-none-eabi-4_8-2014q3/bin/../lib/gcc/arm-none-eabi/4.8.4/../../../../arm-none-eabi/lib/armv7-m/libc_s.a(lib_a-atoi.o)
                0x0000000008015eb6                atoi
 *fill*         0x0000000008015ebe        0x2 
 .text.strtok   0x0000000008015ec0       0x64 /usr/local/gcc-arm-none-eabi-4_8-2014q3/bin/../lib/gcc/arm-none-eabi/4.8.4/../../../../arm-none-eabi/lib/armv7-m/libc_s.a(lib_a-strtok.o)
                0x0000000008015ec0                strtok
 .text.__strtok_r
                0x0000000008015f24       0x56 /usr/local/gcc-arm-none-eabi-4_8-2014q3/bin/../lib/gcc/arm-none-eabi/4.8.4/../../../../arm-none-eabi/lib/armv7-m/libc_s.a(lib_a-strtok_r.o)
                0x0000000008015f24                __strtok_r
 .text.strtok_r
                0x0000000008015f7a        0x6 /usr/local/gcc-arm-none-eabi-4_8-2014q3/bin/../lib/gcc/arm-none-eabi/4.8.4/../../../../arm-none-eabi/lib/armv7-m/libc_s.a(lib_a-strtok_r.o)
                0x0000000008015f7a                strtok_r
 .text._strtol_r
                0x0000000008015f80      0x104 /usr/local/gcc-arm-none-eabi-4_8-2014q3/bin/../lib/gcc/arm-none-eabi/4.8.4/../../../../arm-none-eabi/lib/armv7-m/libc_s.a(lib_a-strtol.o)
                0x0000000008015f80                _strtol_r
 .text.strtol   0x0000000008016084       0x1c /usr/local/gcc-arm-none-eabi-4_8-2014q3/bin/../lib/gcc/arm-none-eabi/4.8.4/../../../../arm-none-eabi/lib/armv7-m/libc_s.a(lib_a-strtol.o)
                0x0000000008016084                strtol
 .text.malloc   0x00000000080160a0       0x10 /usr/local/gcc-arm-none-eabi-4_8-2014q3/bin/../lib/gcc/arm-none-eabi/4.8.4/../../../../arm-none-eabi/lib/armv7-m/libc_s.a(lib_a-malloc.o)
                0x00000000080160a0                malloc
 .text._malloc_r
                0x00000000080160b0       0xa8 /usr/local/gcc-arm-none-eabi-4_8-2014q3/bin/../lib/gcc/arm-none-eabi/4.8.4/../../../../arm-none-eabi/lib/armv7-m/libc_s.a(lib_a-nano-mallocr.o)
                0x00000000080160b0                _malloc_r
 .text._sbrk_r  0x0000000008016158       0x20 /usr/local/gcc-arm-none-eabi-4_8-2014q3/bin/../lib/gcc/arm-none-eabi/4.8.4/../../../../arm-none-eabi/lib/armv7-m/libc_s.a(lib_a-sbrkr.o)
                0x0000000008016158                _sbrk_r
 .text._sbrk    0x0000000008016178       0x34 /usr/local/gcc-arm-none-eabi-4_8-2014q3/bin/../lib/gcc/arm-none-eabi/4.8.4/../../../../arm-none-eabi/lib/armv7-m/libnosys.a(sbrk.o)
                0x0000000008016178                _sbrk
 .text.lrintf   0x00000000080161ac       0x7c /usr/local/gcc-arm-none-eabi-4_8-2014q3/bin/../lib/gcc/arm-none-eabi/4.8.4/../../../../arm-none-eabi/lib/armv7-m/libm.a(lib_a-sf_lrint.o)
                0x00000000080161ac                lrintf
 .text.roundf   0x0000000008016228       0x4c /usr/local/gcc-arm-none-eabi-4_8-2014q3/bin/../lib/gcc/arm-none-eabi/4.8.4/../../../../arm-none-eabi/lib/armv7-m/libm.a(lib_a-sf_round.o)
                0x0000000008016228                roundf
 .text.tanf     0x0000000008016274       0x50 /usr/local/gcc-arm-none-eabi-4_8-2014q3/bin/../lib/gcc/arm-none-eabi/4.8.4/../../../../arm-none-eabi/lib/armv7-m/libm.a(lib_a-sf_tan.o)
                0x0000000008016274                tanf
 .text.acosf    0x00000000080162c4       0xa0 /usr/local/gcc-arm-none-eabi-4_8-2014q3/bin/../lib/gcc/arm-none-eabi/4.8.4/../../../../arm-none-eabi/lib/armv7-m/libm.a(lib_a-wf_acos.o)
                0x00000000080162c4                acosf
 .text.atan2f   0x0000000008016364        0x4 /usr/local/gcc-arm-none-eabi-4_8-2014q3/bin/../lib/gcc/arm-none-eabi/4.8.4/../../../../arm-none-eabi/lib/armv7-m/libm.a(lib_a-wf_atan2.o)
                0x0000000008016364                atan2f
 .text.powf     0x0000000008016368      0x310 /usr/local/gcc-arm-none-eabi-4_8-2014q3/bin/../lib/gcc/arm-none-eabi/4.8.4/../../../../arm-none-eabi/lib/armv7-m/libm.a(lib_a-wf_pow.o)
                0x0000000008016368                powf
 .text.sqrtf    0x0000000008016678       0x9c /usr/local/gcc-arm-none-eabi-4_8-2014q3/bin/../lib/gcc/arm-none-eabi/4.8.4/../../../../arm-none-eabi/lib/armv7-m/libm.a(lib_a-wf_sqrt.o)
                0x0000000008016678                sqrtf
 .text.__ieee754_acosf
                0x0000000008016714      0x2d0 /usr/local/gcc-arm-none-eabi-4_8-2014q3/bin/../lib/gcc/arm-none-eabi/4.8.4/../../../../arm-none-eabi/lib/armv7-m/libm.a(lib_a-ef_acos.o)
                0x0000000008016714                __ieee754_acosf
 .text.__ieee754_atan2f
                0x00000000080169e4      0x120 /usr/local/gcc-arm-none-eabi-4_8-2014q3/bin/../lib/gcc/arm-none-eabi/4.8.4/../../../../arm-none-eabi/lib/armv7-m/libm.a(lib_a-ef_atan2.o)
                0x00000000080169e4                __ieee754_atan2f
 .text.__ieee754_powf
                0x0000000008016b04      0x6f8 /usr/local/gcc-arm-none-eabi-4_8-2014q3/bin/../lib/gcc/arm-none-eabi/4.8.4/../../../../arm-none-eabi/lib/armv7-m/libm.a(lib_a-ef_pow.o)
                0x0000000008016b04                __ieee754_powf
 .text.__ieee754_rem_pio2f
                0x00000000080171fc      0x2e8 /usr/local/gcc-arm-none-eabi-4_8-2014q3/bin/../lib/gcc/arm-none-eabi/4.8.4/../../../../arm-none-eabi/lib/armv7-m/libm.a(lib_a-ef_rem_pio2.o)
                0x00000000080171fc                __ieee754_rem_pio2f
 .text.__ieee754_sqrtf
                0x00000000080174e4       0xa8 /usr/local/gcc-arm-none-eabi-4_8-2014q3/bin/../lib/gcc/arm-none-eabi/4.8.4/../../../../arm-none-eabi/lib/armv7-m/libm.a(lib_a-ef_sqrt.o)
                0x00000000080174e4                __ieee754_sqrtf
 .text.__kernel_rem_pio2f
                0x000000000801758c      0x670 /usr/local/gcc-arm-none-eabi-4_8-2014q3/bin/../lib/gcc/arm-none-eabi/4.8.4/../../../../arm-none-eabi/lib/armv7-m/libm.a(lib_a-kf_rem_pio2.o)
                0x000000000801758c                __kernel_rem_pio2f
 .text.__kernel_tanf
                0x0000000008017bfc      0x274 /usr/local/gcc-arm-none-eabi-4_8-2014q3/bin/../lib/gcc/arm-none-eabi/4.8.4/../../../../arm-none-eabi/lib/armv7-m/libm.a(lib_a-kf_tan.o)
                0x0000000008017bfc                __kernel_tanf
 .text.matherr  0x0000000008017e70        0x4 /usr/local/gcc-arm-none-eabi-4_8-2014q3/bin/../lib/gcc/arm-none-eabi/4.8.4/../../../../arm-none-eabi/lib/armv7-m/libm.a(lib_a-s_matherr.o)
                0x0000000008017e70                matherr
 .text.nan      0x0000000008017e74        0xc /usr/local/gcc-arm-none-eabi-4_8-2014q3/bin/../lib/gcc/arm-none-eabi/4.8.4/../../../../arm-none-eabi/lib/armv7-m/libm.a(lib_a-s_nan.o)
                0x0000000008017e74                nan
 .text.rint     0x0000000008017e80      0x118 /usr/local/gcc-arm-none-eabi-4_8-2014q3/bin/../lib/gcc/arm-none-eabi/4.8.4/../../../../arm-none-eabi/lib/armv7-m/libm.a(lib_a-s_rint.o)
                0x0000000008017e80                rint
 .text.atanf    0x0000000008017f98      0x22c /usr/local/gcc-arm-none-eabi-4_8-2014q3/bin/../lib/gcc/arm-none-eabi/4.8.4/../../../../arm-none-eabi/lib/armv7-m/libm.a(lib_a-sf_atan.o)
                0x0000000008017f98                atanf
 .text.fabsf    0x00000000080181c4        0x8 /usr/local/gcc-arm-none-eabi-4_8-2014q3/bin/../lib/gcc/arm-none-eabi/4.8.4/../../../../arm-none-eabi/lib/armv7-m/libm.a(lib_a-sf_fabs.o)
                0x00000000080181c4                fabsf
 .text.finitef  0x00000000080181cc       0x10 /usr/local/gcc-arm-none-eabi-4_8-2014q3/bin/../lib/gcc/arm-none-eabi/4.8.4/../../../../arm-none-eabi/lib/armv7-m/libm.a(lib_a-sf_finite.o)
                0x00000000080181cc                finitef
 .text.floorf   0x00000000080181dc       0x8c /usr/local/gcc-arm-none-eabi-4_8-2014q3/bin/../lib/gcc/arm-none-eabi/4.8.4/../../../../arm-none-eabi/lib/armv7-m/libm.a(lib_a-sf_floor.o)
                0x00000000080181dc                floorf
 .text.__fpclassifyf
                0x0000000008018268       0x34 /usr/local/gcc-arm-none-eabi-4_8-2014q3/bin/../lib/gcc/arm-none-eabi/4.8.4/../../../../arm-none-eabi/lib/armv7-m/libm.a(lib_a-sf_fpclassify.o)
                0x0000000008018268                __fpclassifyf
 .text.nanf     0x000000000801829c        0x8 /usr/local/gcc-arm-none-eabi-4_8-2014q3/bin/../lib/gcc/arm-none-eabi/4.8.4/../../../../arm-none-eabi/lib/armv7-m/libm.a(lib_a-sf_nan.o)
                0x000000000801829c                nanf
 .text.scalbnf  0x00000000080182a4       0xb4 /usr/local/gcc-arm-none-eabi-4_8-2014q3/bin/../lib/gcc/arm-none-eabi/4.8.4/../../../../arm-none-eabi/lib/armv7-m/libm.a(lib_a-sf_scalbn.o)
                0x00000000080182a4                scalbnf
 .text.copysignf
                0x0000000008018358        0xc /usr/local/gcc-arm-none-eabi-4_8-2014q3/bin/../lib/gcc/arm-none-eabi/4.8.4/../../../../arm-none-eabi/lib/armv7-m/libm.a(lib_a-sf_copysign.o)
                0x0000000008018358                copysignf
 .text.__errno  0x0000000008018364        0xc /usr/local/gcc-arm-none-eabi-4_8-2014q3/bin/../lib/gcc/arm-none-eabi/4.8.4/../../../../arm-none-eabi/lib/armv7-m/libc_s.a(lib_a-errno.o)
                0x0000000008018364                __errno
 *(.rodata)
 .rodata        0x0000000008018370      0x3ec /var/folders/_l/6186p8zs3nl0ppg7gbs04ymw0000gn/T//ccI9IE9a.ltrans0.ltrans.o
                0x0000000008018370                baudRates
                0x0000000008018498                angleIndexToPidIndexMap.7121
                0x0000000008018750                buildTime
                0x0000000008018754                buildDate
                0x0000000008018758                shortGitRevision
 .rodata        0x000000000801875c      0xee4 /var/folders/_l/6186p8zs3nl0ppg7gbs04ymw0000gn/T//ccI9IE9a.ltrans1.ltrans.o
                0x00000000080187a8                servoMixers
                0x0000000008018808                gpsInitData.7697
                0x0000000008018844                hsv_white
                0x0000000008018848                gpsPacketLogChar.7564
                0x000000000801884c                hsv_deepPink
                0x0000000008018850                hsv_magenta
                0x0000000008018854                hsv_darkViolet
                0x0000000008018858                hsv_blue
                0x000000000801885c                hsv_lightBlue
                0x0000000008018860                hsv_cyan
                0x0000000008018864                hsv_mintGreen
                0x0000000008018868                hsv_green
                0x000000000801886c                hsv_limeGreen
                0x0000000008018870                hsv_yellow
                0x0000000008018874                hsv_orange
                0x0000000008018878                hsv_red
                0x000000000801887c                defaultColors
                0x00000000080188b4                valueTable
                0x00000000080195b4                servoMixerCoaxilDual.13163
                0x00000000080195d0                servoMixerGimbal.13162
                0x00000000080195e0                mixerCoaxilDual.13155
                0x0000000008019600                mixerQuadX.13154
 .rodata        0x0000000008019640       0x3c /var/folders/_l/6186p8zs3nl0ppg7gbs04ymw0000gn/T//ccI9IE9a.ltrans2.ltrans.o
 .rodata        0x000000000801967c      0x43c /var/folders/_l/6186p8zs3nl0ppg7gbs04ymw0000gn/T//ccI9IE9a.ltrans3.ltrans.o
                0x000000000801967c                cmdTable
                0x000000000801984c                boxes.15308
                0x000000000801999c                beep_armedBeep.13552
                0x00000000080199a1                beep_disarmRepeatBeep.13551
                0x00000000080199a5                beep_readyBeep.13550
                0x00000000080199b4                beep_2longerBeeps.13549
                0x00000000080199b9                beep_2shortBeeps.13548
                0x00000000080199be                beep_shortBeep.13547
                0x00000000080199c1                beep_lowBatteryBeep.13545
                0x00000000080199c4                beep_critBatteryBeep.13544
                0x00000000080199c7                beep_armedGpsFix.13543
                0x00000000080199d0                beep_armingBeep.13542
                0x00000000080199d5                beep_disarmBeep.13541
                0x00000000080199da                beep_txLostBeep.13540
                0x00000000080199dd                beep_sos.13539
                0x00000000080199f0                beep_gyroCalibrated.13538
                0x00000000080199f8                beeperTable.13537
 .rodata        0x0000000008019ab8       0x30 /var/folders/_l/6186p8zs3nl0ppg7gbs04ymw0000gn/T//ccI9IE9a.ltrans5.ltrans.o
 .rodata        0x0000000008019ae8       0x14 /var/folders/_l/6186p8zs3nl0ppg7gbs04ymw0000gn/T//ccI9IE9a.ltrans6.ltrans.o
 .rodata        0x0000000008019afc       0x28 /var/folders/_l/6186p8zs3nl0ppg7gbs04ymw0000gn/T//ccI9IE9a.ltrans7.ltrans.o
 .rodata        0x0000000008019b24      0x2a3 /var/folders/_l/6186p8zs3nl0ppg7gbs04ymw0000gn/T//ccI9IE9a.ltrans9.ltrans.o
 *fill*         0x0000000008019dc7        0x1 
 .rodata        0x0000000008019dc8       0x26 /var/folders/_l/6186p8zs3nl0ppg7gbs04ymw0000gn/T//ccI9IE9a.ltrans10.ltrans.o
 .rodata        0x0000000008019dee        0x2 /var/folders/_l/6186p8zs3nl0ppg7gbs04ymw0000gn/T//ccI9IE9a.ltrans11.ltrans.o
                0x0000000008019dee                rcAliasToAngleIndexMap
 .rodata        0x0000000008019df0       0x7c /var/folders/_l/6186p8zs3nl0ppg7gbs04ymw0000gn/T//ccI9IE9a.ltrans12.ltrans.o
 .rodata        0x0000000008019e6c       0x24 /var/folders/_l/6186p8zs3nl0ppg7gbs04ymw0000gn/T//ccI9IE9a.ltrans14.ltrans.o
 .rodata        0x0000000008019e90       0x18 /var/folders/_l/6186p8zs3nl0ppg7gbs04ymw0000gn/T//ccI9IE9a.ltrans16.ltrans.o
 .rodata        0x0000000008019ea8       0x3c /var/folders/_l/6186p8zs3nl0ppg7gbs04ymw0000gn/T//ccI9IE9a.ltrans17.ltrans.o
 .rodata        0x0000000008019ee4       0xd8 /var/folders/_l/6186p8zs3nl0ppg7gbs04ymw0000gn/T//ccI9IE9a.ltrans18.ltrans.o
                0x0000000008019efc                mixerNames.14705
                0x0000000008019f64                featureNames.14714
 .rodata        0x0000000008019fbc       0x14 /var/folders/_l/6186p8zs3nl0ppg7gbs04ymw0000gn/T//ccI9IE9a.ltrans19.ltrans.o
 .rodata        0x0000000008019fd0       0x70 /var/folders/_l/6186p8zs3nl0ppg7gbs04ymw0000gn/T//ccI9IE9a.ltrans22.ltrans.o
 *(.rodata*)
 .rodata.str1.1
                0x000000000801a040      0x228 /var/folders/_l/6186p8zs3nl0ppg7gbs04ymw0000gn/T//ccI9IE9a.ltrans0.ltrans.o
                                        0x239 (size before relaxing)
 .rodata.hsv_black
                0x000000000801a268        0x4 /var/folders/_l/6186p8zs3nl0ppg7gbs04ymw0000gn/T//ccI9IE9a.ltrans1.ltrans.o
                0x000000000801a268                hsv_black
 .rodata.serialPortIdentifiers
                0x000000000801a26c        0x5 /var/folders/_l/6186p8zs3nl0ppg7gbs04ymw0000gn/T//ccI9IE9a.ltrans1.ltrans.o
                0x000000000801a26c                serialPortIdentifiers
 *fill*         0x000000000801a271        0x3 
 .rodata.timerHardware
                0x000000000801a274       0xe0 /var/folders/_l/6186p8zs3nl0ppg7gbs04ymw0000gn/T//ccI9IE9a.ltrans1.ltrans.o
                0x000000000801a274                timerHardware
 .rodata.mixers
                0x000000000801a354       0x28 /var/folders/_l/6186p8zs3nl0ppg7gbs04ymw0000gn/T//ccI9IE9a.ltrans1.ltrans.o
                0x000000000801a354                mixers
 .rodata.str1.1
                0x000000000801a37c      0xa3a /var/folders/_l/6186p8zs3nl0ppg7gbs04ymw0000gn/T//ccI9IE9a.ltrans1.ltrans.o
                                        0xa69 (size before relaxing)
 .rodata.str1.1
                0x000000000801adb6      0x56a /var/folders/_l/6186p8zs3nl0ppg7gbs04ymw0000gn/T//ccI9IE9a.ltrans3.ltrans.o
                                        0x5bc (size before relaxing)
 .rodata.str1.1
                0x000000000801b320       0x25 /var/folders/_l/6186p8zs3nl0ppg7gbs04ymw0000gn/T//ccI9IE9a.ltrans4.ltrans.o
 .rodata.str1.1
                0x0000000000000000       0x1d /var/folders/_l/6186p8zs3nl0ppg7gbs04ymw0000gn/T//ccI9IE9a.ltrans5.ltrans.o
 *fill*         0x000000000801b345        0x1 
 .rodata.frSkyDataIdTable
                0x000000000801b346       0x20 /var/folders/_l/6186p8zs3nl0ppg7gbs04ymw0000gn/T//ccI9IE9a.ltrans6.ltrans.o
 .rodata.str1.1
                0x000000000801b366       0x38 /var/folders/_l/6186p8zs3nl0ppg7gbs04ymw0000gn/T//ccI9IE9a.ltrans7.ltrans.o
 .rodata.str1.1
                0x000000000801b39e       0x60 /var/folders/_l/6186p8zs3nl0ppg7gbs04ymw0000gn/T//ccI9IE9a.ltrans8.ltrans.o
                                         0x73 (size before relaxing)
 .rodata.str1.1
                0x000000000801b3fe        0x7 /var/folders/_l/6186p8zs3nl0ppg7gbs04ymw0000gn/T//ccI9IE9a.ltrans9.ltrans.o
 .rodata.str1.1
                0x000000000801b405      0x1b5 /var/folders/_l/6186p8zs3nl0ppg7gbs04ymw0000gn/T//ccI9IE9a.ltrans10.ltrans.o
                                        0x1fb (size before relaxing)
 .rodata.str1.1
                0x000000000801b5ba      0x188 /var/folders/_l/6186p8zs3nl0ppg7gbs04ymw0000gn/T//ccI9IE9a.ltrans12.ltrans.o
                                        0x19e (size before relaxing)
 .rodata.str1.1
                0x000000000801b742        0xe /var/folders/_l/6186p8zs3nl0ppg7gbs04ymw0000gn/T//ccI9IE9a.ltrans13.ltrans.o
 .rodata.str1.1
                0x000000000801b750       0x16 /var/folders/_l/6186p8zs3nl0ppg7gbs04ymw0000gn/T//ccI9IE9a.ltrans14.ltrans.o
 .rodata.str1.1
                0x000000000801b766       0x5b /var/folders/_l/6186p8zs3nl0ppg7gbs04ymw0000gn/T//ccI9IE9a.ltrans16.ltrans.o
                                         0x6c (size before relaxing)
 .rodata.cyclePageIds
                0x000000000801b7c1        0x5 /var/folders/_l/6186p8zs3nl0ppg7gbs04ymw0000gn/T//ccI9IE9a.ltrans17.ltrans.o
 .rodata.str1.1
                0x000000000801b7c6      0x12c /var/folders/_l/6186p8zs3nl0ppg7gbs04ymw0000gn/T//ccI9IE9a.ltrans17.ltrans.o
                                        0x153 (size before relaxing)
 .rodata.str1.1
                0x000000000801b8f2      0x30f /var/folders/_l/6186p8zs3nl0ppg7gbs04ymw0000gn/T//ccI9IE9a.ltrans18.ltrans.o
                                        0x347 (size before relaxing)
 .rodata.rcChannelLetters
                0x000000000801bc01       0x15 /var/folders/_l/6186p8zs3nl0ppg7gbs04ymw0000gn/T//ccI9IE9a.ltrans18.ltrans.o
                0x000000000801bc01                rcChannelLetters
 .rodata.str1.1
                0x000000000801bc16       0x2a /var/folders/_l/6186p8zs3nl0ppg7gbs04ymw0000gn/T//ccI9IE9a.ltrans19.ltrans.o
                                         0x3d (size before relaxing)
 .rodata.str1.1
                0x000000000801bc40        0xb /var/folders/_l/6186p8zs3nl0ppg7gbs04ymw0000gn/T//ccI9IE9a.ltrans20.ltrans.o
 .rodata.str1.1
                0x000000000801bc4b       0x28 /var/folders/_l/6186p8zs3nl0ppg7gbs04ymw0000gn/T//ccI9IE9a.ltrans22.ltrans.o
 .rodata.str1.1
                0x000000000801bc73       0x27 /var/folders/_l/6186p8zs3nl0ppg7gbs04ymw0000gn/T//ccI9IE9a.ltrans24.ltrans.o
                                         0x48 (size before relaxing)
 .rodata._ctype_
                0x000000000801bc9a      0x101 /usr/local/gcc-arm-none-eabi-4_8-2014q3/bin/../lib/gcc/arm-none-eabi/4.8.4/../../../../arm-none-eabi/lib/armv7-m/libc_s.a(lib_a-ctype_.o)
                0x000000000801bc9a                _ctype_
 .rodata.str1.1
                0x0000000000000000        0x0 /usr/local/gcc-arm-none-eabi-4_8-2014q3/bin/../lib/gcc/arm-none-eabi/4.8.4/../../../../arm-none-eabi/lib/armv7-m/libc_s.a(lib_a-impure.o)
                                          0x2 (size before relaxing)
 *fill*         0x000000000801bd9b        0x1 
 .rodata.TWO23  0x000000000801bd9c        0x8 /usr/local/gcc-arm-none-eabi-4_8-2014q3/bin/../lib/gcc/arm-none-eabi/4.8.4/../../../../arm-none-eabi/lib/armv7-m/libm.a(lib_a-sf_lrint.o)
 .rodata.str1.4
                0x000000000801bda4        0x6 /usr/local/gcc-arm-none-eabi-4_8-2014q3/bin/../lib/gcc/arm-none-eabi/4.8.4/../../../../arm-none-eabi/lib/armv7-m/libm.a(lib_a-wf_acos.o)
                                          0xc (size before relaxing)
 *fill*         0x000000000801bdaa        0x2 
 .rodata.str1.4
                0x000000000801bdac        0x5 /usr/local/gcc-arm-none-eabi-4_8-2014q3/bin/../lib/gcc/arm-none-eabi/4.8.4/../../../../arm-none-eabi/lib/armv7-m/libm.a(lib_a-wf_pow.o)
                                          0x8 (size before relaxing)
 *fill*         0x000000000801bdb1        0x3 
 .rodata.str1.4
                0x000000000801bdb4        0x8 /usr/local/gcc-arm-none-eabi-4_8-2014q3/bin/../lib/gcc/arm-none-eabi/4.8.4/../../../../arm-none-eabi/lib/armv7-m/libm.a(lib_a-wf_sqrt.o)
 .rodata.dp_h   0x000000000801bdbc        0x8 /usr/local/gcc-arm-none-eabi-4_8-2014q3/bin/../lib/gcc/arm-none-eabi/4.8.4/../../../../arm-none-eabi/lib/armv7-m/libm.a(lib_a-ef_pow.o)
 .rodata.dp_l   0x000000000801bdc4        0x8 /usr/local/gcc-arm-none-eabi-4_8-2014q3/bin/../lib/gcc/arm-none-eabi/4.8.4/../../../../arm-none-eabi/lib/armv7-m/libm.a(lib_a-ef_pow.o)
 .rodata.bp     0x000000000801bdcc        0x8 /usr/local/gcc-arm-none-eabi-4_8-2014q3/bin/../lib/gcc/arm-none-eabi/4.8.4/../../../../arm-none-eabi/lib/armv7-m/libm.a(lib_a-ef_pow.o)
 .rodata.str1.4
                0x0000000000000000        0x4 /usr/local/gcc-arm-none-eabi-4_8-2014q3/bin/../lib/gcc/arm-none-eabi/4.8.4/../../../../arm-none-eabi/lib/armv7-m/libm.a(lib_a-ef_pow.o)
 .rodata.npio2_hw
                0x000000000801bdd4       0x80 /usr/local/gcc-arm-none-eabi-4_8-2014q3/bin/../lib/gcc/arm-none-eabi/4.8.4/../../../../arm-none-eabi/lib/armv7-m/libm.a(lib_a-ef_rem_pio2.o)
 .rodata.two_over_pi
                0x000000000801be54      0x318 /usr/local/gcc-arm-none-eabi-4_8-2014q3/bin/../lib/gcc/arm-none-eabi/4.8.4/../../../../arm-none-eabi/lib/armv7-m/libm.a(lib_a-ef_rem_pio2.o)
 .rodata.init_jk
                0x000000000801c16c        0xc /usr/local/gcc-arm-none-eabi-4_8-2014q3/bin/../lib/gcc/arm-none-eabi/4.8.4/../../../../arm-none-eabi/lib/armv7-m/libm.a(lib_a-kf_rem_pio2.o)
 .rodata.PIo2   0x000000000801c178       0x2c /usr/local/gcc-arm-none-eabi-4_8-2014q3/bin/../lib/gcc/arm-none-eabi/4.8.4/../../../../arm-none-eabi/lib/armv7-m/libm.a(lib_a-kf_rem_pio2.o)
 *fill*         0x000000000801c1a4        0x4 
 .rodata.TWO52  0x000000000801c1a8       0x10 /usr/local/gcc-arm-none-eabi-4_8-2014q3/bin/../lib/gcc/arm-none-eabi/4.8.4/../../../../arm-none-eabi/lib/armv7-m/libm.a(lib_a-s_rint.o)
 .rodata.atanlo
                0x000000000801c1b8       0x10 /usr/local/gcc-arm-none-eabi-4_8-2014q3/bin/../lib/gcc/arm-none-eabi/4.8.4/../../../../arm-none-eabi/lib/armv7-m/libm.a(lib_a-sf_atan.o)
 .rodata.atanhi
                0x000000000801c1c8       0x10 /usr/local/gcc-arm-none-eabi-4_8-2014q3/bin/../lib/gcc/arm-none-eabi/4.8.4/../../../../arm-none-eabi/lib/armv7-m/libm.a(lib_a-sf_atan.o)
 *(.glue_7)
 .glue_7        0x0000000000000000        0x0 linker stubs
 *(.glue_7t)
 .glue_7t       0x0000000000000000        0x0 linker stubs
 *(.eh_frame)
 *(.init)
 *(.fini)
                0x000000000801c1d8                . = ALIGN (0x4)
                0x000000000801c1d8                _etext = .

.vfp11_veneer   0x000000000801c1d8        0x0
 .vfp11_veneer  0x0000000000000000        0x0 linker stubs

.v4_bx          0x000000000801c1d8        0x0
 .v4_bx         0x0000000000000000        0x0 linker stubs

.iplt           0x000000000801c1d8        0x0
 .iplt          0x0000000000000000        0x0 obj/main/NAZE/startup_stm32f10x_md_gcc.o

.ARM.extab
 *(.ARM.extab* .gnu.linkonce.armextab.*)

.ARM            0x000000000801c1d8        0x8
                0x000000000801c1d8                __exidx_start = .
 *(.ARM.exidx*)
 .ARM.exidx     0x000000000801c1d8        0x8 /usr/local/gcc-arm-none-eabi-4_8-2014q3/bin/../lib/gcc/arm-none-eabi/4.8.4/armv7-m/libgcc.a(_divdi3.o)
 .ARM.exidx     0x000000000801c1e0        0x0 /usr/local/gcc-arm-none-eabi-4_8-2014q3/bin/../lib/gcc/arm-none-eabi/4.8.4/armv7-m/libgcc.a(_udivdi3.o)
                                          0x8 (size before relaxing)
                0x000000000801c1e0                __exidx_end = .

.rel.dyn        0x000000000801c1e0        0x0
 .rel.iplt      0x0000000000000000        0x0 obj/main/NAZE/startup_stm32f10x_md_gcc.o

.preinit_array  0x000000000801c1e0        0x0
                0x000000000801c1e0                PROVIDE (__preinit_array_start, .)
 *(.preinit_array*)
                0x000000000801c1e0                PROVIDE (__preinit_array_end, .)

.init_array     0x000000000801c1e0        0x0
                0x000000000801c1e0                PROVIDE (__init_array_start, .)
 *(SORT(.init_array.*))
 *(.init_array*)
                0x000000000801c1e0                PROVIDE (__init_array_end, .)

.fini_array     0x000000000801c1e0        0x0
                0x000000000801c1e0                PROVIDE (__fini_array_start, .)
 *(.fini_array*)
 *(SORT(.fini_array.*))
                0x000000000801c1e0                PROVIDE (__fini_array_end, .)
                0x000000000801c1e0                _sidata = .

.data           0x0000000020000000       0xd0 load address 0x000000000801c1e0
                0x0000000020000000                . = ALIGN (0x4)
                0x0000000020000000                _sdata = .
 *(.data)
 .data          0x0000000020000000       0x14 /var/folders/_l/6186p8zs3nl0ppg7gbs04ymw0000gn/T//ccI9IE9a.ltrans0.ltrans.o
                0x0000000020000000                measurement.5265
                0x0000000020000011                isUsingSticksToArm.13830
 .data          0x0000000020000014       0x1c /var/folders/_l/6186p8zs3nl0ppg7gbs04ymw0000gn/T//ccI9IE9a.ltrans1.ltrans.o
                0x0000000020000014                hse_value
                0x0000000020000018                standardBoardAlignment.16680
                0x0000000020000019                mpuLowPassFilter.4140
                0x000000002000001a                acc_1G
                0x000000002000001c                rcReadRawFunc.15671
                0x0000000020000020                geometry.4837
 .data          0x0000000020000030        0x1 /var/folders/_l/6186p8zs3nl0ppg7gbs04ymw0000gn/T//ccI9IE9a.ltrans3.ltrans.o
 .data          0x0000000020000031        0x1 /var/folders/_l/6186p8zs3nl0ppg7gbs04ymw0000gn/T//ccI9IE9a.ltrans6.ltrans.o
 *fill*         0x0000000020000032        0x2 
 .data          0x0000000020000034        0xc /var/folders/_l/6186p8zs3nl0ppg7gbs04ymw0000gn/T//ccI9IE9a.ltrans7.ltrans.o
 .data          0x0000000020000040        0x4 /var/folders/_l/6186p8zs3nl0ppg7gbs04ymw0000gn/T//ccI9IE9a.ltrans12.ltrans.o
 .data          0x0000000020000044        0x1 /var/folders/_l/6186p8zs3nl0ppg7gbs04ymw0000gn/T//ccI9IE9a.ltrans14.ltrans.o
 *fill*         0x0000000020000045        0x3 
 .data          0x0000000020000048        0x4 /var/folders/_l/6186p8zs3nl0ppg7gbs04ymw0000gn/T//ccI9IE9a.ltrans16.ltrans.o
                0x0000000020000048                GPS_scaleLonDown.7304
 *(.data*)
 .data.blackboxWriteChunkSize
                0x000000002000004c        0x1 /var/folders/_l/6186p8zs3nl0ppg7gbs04ymw0000gn/T//ccI9IE9a.ltrans0.ltrans.o
                0x000000002000004c                blackboxWriteChunkSize
 *fill*         0x000000002000004d        0x3 
 .data.pid_controller
                0x0000000020000050        0x4 /var/folders/_l/6186p8zs3nl0ppg7gbs04ymw0000gn/T//ccI9IE9a.ltrans0.ltrans.o
                0x0000000020000050                pid_controller
 .data.detectedSensors
                0x0000000020000054        0x4 /var/folders/_l/6186p8zs3nl0ppg7gbs04ymw0000gn/T//ccI9IE9a.ltrans1.ltrans.o
                0x0000000020000054                detectedSensors
 .data.batteryCellCount
                0x0000000020000058        0x1 /var/folders/_l/6186p8zs3nl0ppg7gbs04ymw0000gn/T//ccI9IE9a.ltrans1.ltrans.o
                0x0000000020000058                batteryCellCount
 *fill*         0x0000000020000059        0x3 
 .data.SystemCoreClock
                0x000000002000005c        0x4 /var/folders/_l/6186p8zs3nl0ppg7gbs04ymw0000gn/T//ccI9IE9a.ltrans1.ltrans.o
                0x000000002000005c                SystemCoreClock
 .data.GPS_hdop
                0x0000000020000060        0x2 /var/folders/_l/6186p8zs3nl0ppg7gbs04ymw0000gn/T//ccI9IE9a.ltrans6.ltrans.o
                0x0000000020000060                GPS_hdop
 *fill*         0x0000000020000062        0x2 
 .data.__ctype_ptr__
                0x0000000020000064        0x4 /usr/local/gcc-arm-none-eabi-4_8-2014q3/bin/../lib/gcc/arm-none-eabi/4.8.4/../../../../arm-none-eabi/lib/armv7-m/libc_s.a(lib_a-ctype_.o)
                0x0000000020000064                __ctype_ptr__
 .data.impure_data
                0x0000000020000068       0x60 /usr/local/gcc-arm-none-eabi-4_8-2014q3/bin/../lib/gcc/arm-none-eabi/4.8.4/../../../../arm-none-eabi/lib/armv7-m/libc_s.a(lib_a-impure.o)
 .data._impure_ptr
                0x00000000200000c8        0x4 /usr/local/gcc-arm-none-eabi-4_8-2014q3/bin/../lib/gcc/arm-none-eabi/4.8.4/../../../../arm-none-eabi/lib/armv7-m/libc_s.a(lib_a-impure.o)
                0x00000000200000c8                _impure_ptr
 .data.__fdlib_version
                0x00000000200000cc        0x1 /usr/local/gcc-arm-none-eabi-4_8-2014q3/bin/../lib/gcc/arm-none-eabi/4.8.4/../../../../arm-none-eabi/lib/armv7-m/libm.a(lib_a-s_lib_ver.o)
                0x00000000200000cc                __fdlib_version
                0x00000000200000d0                . = ALIGN (0x4)
 *fill*         0x00000000200000cd        0x3 
                0x00000000200000d0                _edata = .

.igot.plt       0x00000000200000d0        0x0 load address 0x000000000801c2b0
 .igot.plt      0x0000000000000000        0x0 obj/main/NAZE/startup_stm32f10x_md_gcc.o
                0x00000000200000d0                . = ALIGN (0x4)

.bss            0x00000000200000d0     0x32b4 load address 0x000000000801c2b0
                0x00000000200000d0                _sbss = .
                0x00000000200000d0                __bss_start__ = _sbss
 *(.bss)
 .bss           0x00000000200000d0      0x8c0 /var/folders/_l/6186p8zs3nl0ppg7gbs04ymw0000gn/T//ccI9IE9a.ltrans0.ltrans.o
                0x00000000200000d0                rxSignalReceived.15675
                0x00000000200000d8                rxDataReceived.15685
                0x00000000200000d9                rcFrameComplete.16268
                0x00000000200000da                spekFrame.16267
                0x00000000200000ec                spekChannelData.16270
                0x000000002000011c                sbusFrameDone.15920
                0x000000002000011d                sbusFrame.15894
                0x0000000020000136                sumdFrameDone.16025
                0x0000000020000137                sumdChannelCount.16026
                0x0000000020000138                crc.16021
                0x000000002000013a                sumd.16027
                0x0000000020000160                sumdChannels.16022
                0x0000000020000180                sumhFrameDone.16132
                0x0000000020000181                sumhFrame.16131
                0x0000000020000198                sumhChannels.16127
                0x00000000200001b8                rxMspFrameDone.15795
                0x00000000200001b9                ppmFrameCount.5776
                0x00000000200001bc                captures.5775
                0x00000000200001d4                rxUpdateAt.15694
                0x00000000200001dc                rcModeActivationMask
                0x00000000200001e0                flightModeFlags
                0x00000000200001e4                AltHold
                0x00000000200001e8                EstAlt.12420
                0x0000000020000200                magADC
                0x0000000020000224                baroTemperature
                0x0000000020000228                baroPressureSum.9197
                0x0000000020000230                barometerConfig.9179
                0x0000000020000314                baroGroundAltitude.9198
                0x0000000020000320                BaroAlt
                0x0000000020000324                inclination
                0x000000002000033c                barometerConfig.12427
                0x0000000020000344                vario
                0x0000000020000350                pidProfile.12426
                0x0000000020000354                GPS_numSat
                0x000000002000035c                gyroADC
                0x0000000020000364                gyroConfig.16814
                0x00000000200003b6                accADC
                0x00000000200003bc                accelerationTrims.16482
                0x00000000200003dc                accSmooth
                0x00000000200003e4                EstG
                0x00000000200003f0                anglerad
                0x0000000020000404                heading
                0x0000000020000410                fc_acc
                0x0000000020000414                accDeadband.12879
                0x0000000020000418                cycleTime
                0x0000000020000428                phase.7130
                0x000000002000042c                targetAngle.7126
                0x0000000020000484                autoTuneAngleIndex.7120
                0x0000000020000485                rising.7125
                0x0000000020000486                cycle.7133
                0x0000000020000488                secondPeakAngle.7129
                0x000000002000048c                firstPeakAngle.7128
                0x0000000020000490                pidProfile.7142
                0x0000000020000494                pidController.7144
                0x0000000020000495                pidIndex.7124
                0x0000000020000498                pid.7136
                0x00000000200004a6                rcCommand
                0x00000000200004ae                magHold
                0x00000000200004b0                rcControlsConfig.12414
                0x00000000200004b8                escAndServoConfig.12423
                0x00000000200004bc                throttleAngleScale
                0x00000000200004c0                nav_rated.7341
                0x00000000200004c4                nav.7318
                0x00000000200004c8                currentControlRateProfile
                0x00000000200004cc                mixerConfig.13117
                0x00000000200004d0                axisPID
                0x00000000200004d6                motor
                0x00000000200004f0                escAndServoConfig.13121
                0x00000000200004f4                rxConfig.13123
                0x00000000200004f8                flight3DConfig.13120
                0x00000000200004fc                motor_disarmed
                0x0000000020000514                servoConf.13118
                0x0000000020000538                gimbalConfig.13119
                0x0000000020000980                blackboxConditionCache.9433
                0x0000000020000984                vbatReference.9798
                0x0000000020000986                blackboxPFrameIndex.9816
                0x0000000020000988                blackboxIteration.9799
                0x000000002000098c                blackboxModeActivationConditionPresent.9818
 .bss           0x0000000020000990     0x12b4 /var/folders/_l/6186p8zs3nl0ppg7gbs04ymw0000gn/T//ccI9IE9a.ltrans1.ltrans.o
                0x0000000020000990                mspPorts.15305
                0x0000000020000a28                stdout_putf.11149
                0x0000000020000a2c                stdout_putp.11150
                0x0000000020000a30                masterConfig
                0x0000000020001214                usTicks.13395
                0x0000000020001218                activeFeaturesLatch.10913
                0x000000002000121c                timerConfig
                0x00000000200012d0                serialConfig.14069
                0x00000000200012d4                serialPortCount.14070
                0x00000000200012d8                serialPortUsageList.14067
                0x0000000020001314                currentMixerMode.13146
                0x000000002000131c                customServoMixers.13145
                0x0000000020001324                servo
                0x0000000020001334                inputFilteringMode.5779
                0x0000000020001338                ppmDev
                0x0000000020001460                motors.5572
                0x0000000020001490                servos.5575
                0x00000000200014b1                motorCount
                0x00000000200014b4                currentMixer.13166
                0x0000000020001574                servoRuleCount.13144
                0x0000000020001575                currentServoMixer.13112
                0x00000000200015e5                stateFlags
                0x00000000200015e6                motorControlEnable
                0x00000000200015e7                adcConfig
                0x00000000200015f8                adcValues
                0x0000000020001600                boardRotation.16678
                0x0000000020001624                displayPresent.8135
                0x000000002000162c                pageState.8134
                0x0000000020001638                currentProfile
                0x000000002000163c                acc
                0x0000000020001648                gyro
                0x0000000020001658                gyroAlign
                0x000000002000165c                mpu6050Config.4136
                0x0000000020001660                mpuAccelTrim.4137
                0x0000000020001664                enabledSensors.10954
                0x0000000020001668                ms5611_c.4333
                0x0000000020001678                hmc5883Config.4700
                0x000000002000167c                mag
                0x0000000020001684                magneticDeclination
                0x0000000020001688                magInit.16715
                0x000000002000168c                imuRuntimeConfig.12877
                0x0000000020001690                smallAngle
                0x0000000020001694                accVelScale
                0x0000000020001698                gyroScaleRad
                0x000000002000169c                activeBoxIds.15306
                0x00000000200016b7                activeBoxIdCount.15310
                0x00000000200016b8                printfSerialPort.11148
                0x00000000200016bc                rxConfig.12555
                0x00000000200016c0                deadband3dThrottle.12559
                0x00000000200016c4                failsafeState.12536
                0x00000000200016e8                rxConfig.15673
                0x00000000200016ec                rcData
                0x0000000020001710                rxRuntimeConfigPtr.16272
                0x0000000020001714                rxRuntimeConfig
                0x0000000020001716                spek_chan_shift.16271
                0x0000000020001717                spek_chan_mask.16273
                0x0000000020001718                spekHiRes.16269
                0x000000002000171c                sbusChannelData.15891
                0x0000000020001768                xBusFrameReceived.16401
                0x0000000020001769                xBusDataIncoming.16402
                0x000000002000176a                xBusFramePosition.16403
                0x000000002000176b                xBusFrameLength.16404
                0x000000002000176c                xBusChannelCount.16400
                0x000000002000176d                xBusProvider.16405
                0x0000000020001774                gpsData
                0x0000000020001794                gpsPacketLog
                0x00000000200017ac                gpsConfig.7705
                0x00000000200017b0                gpsPort.7696
                0x00000000200017b4                gpsProfile.7309
                0x00000000200017b8                sonarHardware.5263
                0x00000000200017bc                lastMeasurementAt.5266
                0x00000000200017c0                calculatedAltitude.9125
                0x00000000200017c4                ledConfigs
                0x00000000200017c8                colors
                0x00000000200017cc                ledStripInitialised.7965
                0x00000000200017cd                ledStripDMABuffer
                0x0000000020001af8                ledColorBuffer.5019
                0x0000000020001b78                telemetryConfig.8298
                0x0000000020001b7c                telemetryConfig.8486
                0x0000000020001b80                portConfig.8526
                0x0000000020001b84                frskyPortSharing.8527
                0x0000000020001b88                telemetryConfig.8790
                0x0000000020001b8c                portConfig.8796
                0x0000000020001b90                hottPortSharing.8810
                0x0000000020001b91                hottEAMMessage.8783
                0x0000000020001bbd                hottGPSMessage.8782
                0x0000000020001bf0                portConfig.8906
                0x0000000020001bf4                mspPortSharing.8907
                0x0000000020001bf8                telemetryConfig.9019
                0x0000000020001bfc                portConfig.9020
                0x0000000020001c00                smartPortPortSharing.9021
                0x0000000020001c01                couldBeBusy.4838
                0x0000000020001c04                tailAddress.6929
                0x0000000020001c08                blackboxState.9756
                0x0000000020001c0c                previousTime
                0x0000000020001c10                calibratingA
                0x0000000020001c14                batteryConfig
                0x0000000020001c18                batteryState.16614
                0x0000000020001c1a                batteryWarningVoltage
                0x0000000020001c1c                batteryCriticalVoltage
                0x0000000020001c20                baro
                0x0000000020001c38                blackboxSlowFrameIterationTimer.9755
                0x0000000020001c3c                xmitState.9747
 .bss           0x0000000020001c44      0x1a0 /var/folders/_l/6186p8zs3nl0ppg7gbs04ymw0000gn/T//ccI9IE9a.ltrans2.ltrans.o
                0x0000000020001c45                skipRxSamples.15693
                0x0000000020001c48                suspendRxSignalUntil.15692
                0x0000000020001cec                rxFlightChannelsValid.15686
                0x0000000020001d08                failsafeConfig.12535
                0x0000000020001d0c                errorGyroI.12707
                0x0000000020001d18                errorGyroIf.12708
                0x0000000020001d24                disarmAt.12265
                0x0000000020001d2b                AccInflightCalibrationMeasurementDone
                0x0000000020001d2c                AccInflightCalibrationSavetoEEProm
                0x0000000020001d2e                InflightcalibratingA
                0x0000000020001d30                AccInflightCalibrationActive
                0x0000000020001d34                adjustmentStates
                0x0000000020001d65                currentControlRateProfileIndex.10910
                0x0000000020001d90                poshold_ratePID.7317
                0x0000000020001db8                navPID.7319
                0x0000000020001de0                findSharedSerialPortState.14066
 *fill*         0x0000000020001de4        0x4 
 .bss           0x0000000020001de8       0xf0 /var/folders/_l/6186p8zs3nl0ppg7gbs04ymw0000gn/T//ccI9IE9a.ltrans3.ltrans.o
                0x0000000020001de8                lookupPitchRollRC
                0x0000000020001df6                lookupYawRC
                0x0000000020001e04                dynP8
                0x0000000020001e0a                dynD8
                0x0000000020001e0d                PIDweight
                0x0000000020001e10                lookupThrottleRC
                0x0000000020001e28                headFreeModeHold
                0x0000000020001e30                vbatLatestADC
                0x0000000020001e3c                amperageLatestADC
                0x0000000020001e48                beep_multiBeeps.13546
                0x0000000020001e60                currentBeeperEntry.13530
                0x0000000020001e64                beeperNextToggleTime.13526
                0x0000000020001e68                beeperIsOn.13525
                0x0000000020001e6a                beeperPos.13527
                0x0000000020001e6c                warningLedState.15486
                0x0000000020001e70                armingBeepTimeMicros.13553
                0x0000000020001e74                warningLedTimer.15485
                0x0000000020001e78                cliPort.14681
                0x0000000020001e7c                bufferIndex.14715
                0x0000000020001e80                cliBuffer.14676
                0x0000000020001eb0                escAndServoConfig.13839
                0x0000000020001eb4                pidProfile.13840
                0x0000000020001eb8                GPS_update
                0x0000000020001ebc                GPS_home
                0x0000000020001ec4                GPS_hold
                0x0000000020001ecc                nav_mode
 .bss           0x0000000020001ed8        0x6 /var/folders/_l/6186p8zs3nl0ppg7gbs04ymw0000gn/T//ccI9IE9a.ltrans4.ltrans.o
 .bss           0x0000000020001ede       0x48 /var/folders/_l/6186p8zs3nl0ppg7gbs04ymw0000gn/T//ccI9IE9a.ltrans5.ltrans.o
                0x0000000020001ede                i2cErrorCount.4592
                0x0000000020001ee0                rssi
                0x0000000020001ee2                GPS_ground_course
                0x0000000020001ee4                GPS_numCh
                0x0000000020001ee5                GPS_svinfo_chn
                0x0000000020001ef5                GPS_svinfo_svid
                0x0000000020001f05                GPS_svinfo_quality
                0x0000000020001f15                GPS_svinfo_cno
 *fill*         0x0000000020001f26        0x2 
 .bss           0x0000000020001f28       0x7c /var/folders/_l/6186p8zs3nl0ppg7gbs04ymw0000gn/T//ccI9IE9a.ltrans6.ltrans.o
                0x0000000020001f28                frskyTelemetryEnabled.8528
                0x0000000020001f32                vbat
                0x0000000020001f38                amperage
                0x0000000020001f3c                mAhDrawn
                0x0000000020001f40                GPS_speed
                0x0000000020001f42                GPS_altitude
                0x0000000020001f48                GPS_coord
                0x0000000020001f50                hottTelemetryEnabled.8809
                0x0000000020001f5c                GPS_distanceToHome
                0x0000000020001f5e                GPS_directionToHome
                0x0000000020001f68                hottPort.8792